00000000000i[      ] Bochs x86 Emulator 3.0.devel
00000000000i[      ]   Built from GitHub snapshot after release 3.0
00000000000i[      ]   Compiled on Jun  8 2026 at 10:28:28
00000000000i[      ] System configuration
00000000000i[      ]   processors: 1 (cores=1, HT threads=1)
00000000000i[      ]   A20 line support: yes
00000000000i[      ] IPS is set to 1000000
00000000000i[      ] CPU configuration
00000000000i[      ]   SMP support: no
00000000000i[      ]   Using pre-defined CPU configuration: p4_willamette
00000000000i[      ] Optimization configuration
00000000000i[      ]   RepeatSpeedups support: no
00000000000i[      ]   Fast function calls: no
00000000000i[      ]   Handlers Chaining speedups: no
00000000000i[      ] Devices configuration
00000000000i[      ]   PCI support: i440FX i430FX i440BX
00000000000i[      ]   Networking: no
00000000000i[      ]   Sound support: no
00000000000i[      ]   USB support: no
00000000000i[      ]   VGA extension support: vbe
00000000000i[IMG   ] Disk image modules
00000000000i[IMG   ]   flat concat sparse dll growing undoable volatile vmware3
00000000000i[IMG   ]   vmware4 vbox vpc vhdx vvfat
00000000000i[      ] Auto-adjusting memory block size to 4096
00000000000i[MEM0  ] allocated memory at 0x7e9588ddc010. after alignment, vector=0x7e9588ddd000, block_size = 4K
00000000000i[MEM0  ] 16.00MB
00000000000i[MEM0  ] mem block size = 0x00001000, blocks=4096
00000000000i[MEM0  ] rom at 0xffff0000/65536 ('/usr/share/bochs/BIOS-bochs-legacy')
00000000000i[CPU0  ] initialized CPU model p4_willamette
00000000000i[DEV   ] will paste characters every 100 iodev timer ticks
00000000000i[DEV   ] Using boot sequence floppy, none, none
00000000000i[PLUGIN] init_dev of 'vga' plugin device by virtual method
00000000000i[MEM0  ] Register memory access handlers: 0x0000000a0000 - 0x0000000bffff
00000000000i[VGA   ] interval=100000, mode=realtime
00000000000i[VGA   ] Setting VGA update interval to 100000 (10.0 Hz)
00000000000i[VGA   ] VSYNC using standard mode
00000000000i[MEM0  ] Register memory access handlers: 0x0000e0000000 - 0x0000e0ffffff
00000000000i[BXVGA ] VBE Bochs Display Extension Enabled (16 MB)
00000000000i[XGUI  ] test_alloc_colors: 16 colors available out of 16 colors tried
00000000000i[XGUI  ] font 8 wide x 16 high, display depth = 24
00000000000i[XGUI  ] maximum host resolution: x=2160 y=1300
00000000000i[MEM0  ] rom at 0xc0000/38400 ('/usr/share/vgabios/vgabios.bin')
00000000000i[PLUGIN] init_dev of 'pci' plugin device by virtual method
00000000000i[DEV   ] i440FX PMC present at device 0, function 0
00000000000i[PLUGIN] init_dev of 'pci2isa' plugin device by virtual method
00000000000i[DEV   ] PIIX3 PCI-to-ISA bridge present at device 1, function 0
00000000000i[PLUGIN] init_dev of 'cmos' plugin device by virtual method
00000000000i[CMOS  ] Using local time for initial clock
00000000000i[CMOS  ] Setting initial clock to: Tue Jun  9  7:53:06   2026 tz=utc (time0=1780991586)
00000000000i[PLUGIN] init_dev of 'dma' plugin device by virtual method
00000000000i[DMA   ] channel 4 used by cascade
00000000000i[PLUGIN] init_dev of 'pic' plugin device by virtual method
00000000000i[PLUGIN] init_dev of 'pit' plugin device by virtual method
00000000000i[PLUGIN] init_dev of 'acpi' plugin device by virtual method
00000000000i[DEV   ] ACPI Controller present at device 1, function 3
00000000000i[PLUGIN] init_dev of 'hpet' plugin device by virtual method
00000000000i[HPET  ] initializing HPET
00000000000i[MEM0  ] Register memory access handlers: 0x0000fed00000 - 0x0000fed003ff
00000000000i[PLUGIN] init_dev of 'floppy' plugin device by virtual method
00000000000i[DMA   ] channel 2 used by Floppy Drive
00000000000i[FLOPPY] fd0: 'Image' ro=0, h=2,t=80,spt=18
00000000000i[FLOPPY] Floppy boot signature check is enabled
00000000000i[PLUGIN] init_dev of 'ioapic' plugin device by virtual method
00000000000i[IOAPIC] initializing I/O APIC
00000000000i[MEM0  ] Register memory access handlers: 0x0000fec00000 - 0x0000fec00fff
00000000000i[IOAPIC] IOAPIC enabled (base address = 0xfec00000)
00000000000i[PLUGIN] init_dev of 'keyboard' plugin device by virtual method
00000000000i[PLUGIN] init_dev of 'pci_ide' plugin device by virtual method
00000000000i[DEV   ] PIIX3 PCI IDE controller present at device 1, function 1
00000000000i[PLUGIN] init_dev of 'harddrv' plugin device by virtual method
00000000000i[PLUGIN] init_dev of 'unmapped' plugin device by virtual method
00000000000i[PLUGIN] init_dev of 'biosdev' plugin device by virtual method
00000000000i[PLUGIN] init_dev of 'speaker' plugin device by virtual method
00000000000e[PCSPK ] Failed to open /dev/console: Permission denied
00000000000e[PCSPK ] Deactivating beep on console
00000000000i[PLUGIN] init_dev of 'extfpuirq' plugin device by virtual method
00000000000i[PLUGIN] init_dev of 'parallel' plugin device by virtual method
00000000000i[PAR   ] parallel port 1 at 0x0378 irq 7
00000000000i[PLUGIN] init_dev of 'serial' plugin device by virtual method
00000000000i[SER   ] com1 at 0x03f8 irq 4 (mode: null)
00000000000i[PLUGIN] register state of 'vga' plugin device by virtual method
00000000000i[PLUGIN] register state of 'pci' plugin device by virtual method
00000000000i[PLUGIN] register state of 'pci2isa' plugin device by virtual method
00000000000i[PLUGIN] register state of 'cmos' plugin device by virtual method
00000000000i[PLUGIN] register state of 'dma' plugin device by virtual method
00000000000i[PLUGIN] register state of 'pic' plugin device by virtual method
00000000000i[PLUGIN] register state of 'pit' plugin device by virtual method
00000000000i[PLUGIN] register state of 'unmapped' plugin device by virtual method
00000000000i[PLUGIN] register state of 'biosdev' plugin device by virtual method
00000000000i[PLUGIN] register state of 'speaker' plugin device by virtual method
00000000000i[PLUGIN] register state of 'extfpuirq' plugin device by virtual method
00000000000i[PLUGIN] register state of 'parallel' plugin device by virtual method
00000000000i[PLUGIN] register state of 'serial' plugin device by virtual method
00000000000i[PLUGIN] register state of 'acpi' plugin device by virtual method
00000000000i[PLUGIN] register state of 'hpet' plugin device by virtual method
00000000000i[PLUGIN] register state of 'floppy' plugin device by virtual method
00000000000i[PLUGIN] register state of 'ioapic' plugin device by virtual method
00000000000i[PLUGIN] register state of 'keyboard' plugin device by virtual method
00000000000i[PLUGIN] register state of 'pci_ide' plugin device by virtual method
00000000000i[PLUGIN] register state of 'harddrv' plugin device by virtual method
00000000000i[SYS   ] bx_pc_system_c::Reset(HARDWARE) called
00000000000i[CPU0  ] cpu hardware reset
00000000000i[APIC0 ] allocate APIC id=0 (MMIO enabled) to 0x0000fee00000
00000000000i[CPU0  ] CPUID[0x00000000]: 00000002 756e6547 6c65746e 49656e69
00000000000i[CPU0  ] CPUID[0x00000001]: 00000f12 00010800 00000000 0febfbff
00000000000i[CPU0  ] CPUID[0x00000002]: 665b5001 00000000 00000000 007a7040
00000000000i[CPU0  ] CPUID[0x80000000]: 80000004 00000000 00000000 00000000
00000000000i[CPU0  ] CPUID[0x80000001]: 00000000 00000000 00000000 00000000
00000000000i[CPU0  ] CPUID[0x80000002]: 20202020 20202020 20202020 6e492020
00000000000i[CPU0  ] CPUID[0x80000003]: 286c6574 50202952 69746e65 52286d75
00000000000i[CPU0  ] CPUID[0x80000004]: 20342029 20555043 30382e31 007a4847
00000000000i[CPU0  ] CPU Features supported:
00000000000i[CPU0  ] 		x87
00000000000i[CPU0  ] 		486ni
00000000000i[CPU0  ] 		pentium_ni
00000000000i[CPU0  ] 		p6ni
00000000000i[CPU0  ] 		mmx
00000000000i[CPU0  ] 		debugext
00000000000i[CPU0  ] 		vme
00000000000i[CPU0  ] 		pse
00000000000i[CPU0  ] 		pae
00000000000i[CPU0  ] 		pge
00000000000i[CPU0  ] 		mtrr
00000000000i[CPU0  ] 		pat
00000000000i[CPU0  ] 		sysenter_sysexit
00000000000i[CPU0  ] 		clflush
00000000000i[CPU0  ] 		sse
00000000000i[CPU0  ] 		sse2
00000000000i[CPU0  ] 		xapic
00000000000i[PLUGIN] reset of 'vga' plugin device by virtual method
00000000000i[DDC   ] Using default EDID for resolution 1920x1200
00000000000i[PLUGIN] reset of 'pci' plugin device by virtual method
00000000000i[PLUGIN] reset of 'pci2isa' plugin device by virtual method
00000000000i[PLUGIN] reset of 'cmos' plugin device by virtual method
00000000000i[PLUGIN] reset of 'dma' plugin device by virtual method
00000000000i[PLUGIN] reset of 'pic' plugin device by virtual method
00000000000i[PLUGIN] reset of 'pit' plugin device by virtual method
00000000000i[PLUGIN] reset of 'acpi' plugin device by virtual method
00000000000i[PLUGIN] reset of 'hpet' plugin device by virtual method
00000000000i[PLUGIN] reset of 'floppy' plugin device by virtual method
00000000000i[PLUGIN] reset of 'ioapic' plugin device by virtual method
00000000000i[PLUGIN] reset of 'keyboard' plugin device by virtual method
00000000000i[PLUGIN] reset of 'pci_ide' plugin device by virtual method
00000000000i[PLUGIN] reset of 'harddrv' plugin device by virtual method
00000000000i[PLUGIN] reset of 'unmapped' plugin device by virtual method
00000000000i[PLUGIN] reset of 'biosdev' plugin device by virtual method
00000000000i[PLUGIN] reset of 'speaker' plugin device by virtual method
00000000000i[PLUGIN] reset of 'extfpuirq' plugin device by virtual method
00000000000i[PLUGIN] reset of 'parallel' plugin device by virtual method
00000000000i[PLUGIN] reset of 'serial' plugin device by virtual method
00000000000i[GDBST ] addr 0000000000000000 len 40
00000000000i[GDBST ] addr 000000000001a760 len 1
00000000000i[GDBST ] Setting breakpoint at 000000000001a760
00000001000i[KBD   ] internal keyboard buffer full, ignoring scancode 0x17
00000001000i[KBD   ] internal keyboard buffer full, ignoring scancode 0x97
00000001000i[KBD   ] internal keyboard buffer full, ignoring scancode 0x17
00000001000i[KBD   ] internal keyboard buffer full, ignoring scancode 0x97
00000001000i[KBD   ] internal keyboard buffer full, ignoring scancode 0x1c
00000001000i[KBD   ] internal keyboard buffer full, ignoring scancode 0x9c
00000001000i[KBD   ] internal keyboard buffer full, ignoring scancode 0x1c
00000001000i[KBD   ] internal keyboard buffer full, ignoring scancode 0x9c
00000001000i[KBD   ] internal keyboard buffer full, ignoring scancode 0x1c
00000001000i[KBD   ] internal keyboard buffer full, ignoring scancode 0x9c
00000001000i[KBD   ] internal keyboard buffer full, ignoring scancode 0x1c
00000001000i[KBD   ] internal keyboard buffer full, ignoring scancode 0x9c
00000001000i[KBD   ] internal keyboard buffer full, ignoring scancode 0x1c
00000001000i[KBD   ] internal keyboard buffer full, ignoring scancode 0x9c
00000001000i[KBD   ] internal keyboard buffer full, ignoring scancode 0x1c
00000001000i[KBD   ] internal keyboard buffer full, ignoring scancode 0x9c
00000001000i[KBD   ] internal keyboard buffer full, ignoring scancode 0x1c
00000001000i[KBD   ] internal keyboard buffer full, ignoring scancode 0x9c
00000001000i[KBD   ] internal keyboard buffer full, ignoring scancode 0x1c
00000001000i[KBD   ] internal keyboard buffer full, ignoring scancode 0x9c
00000001000i[KBD   ] internal keyboard buffer full, ignoring scancode 0x1c
00000001000i[KBD   ] internal keyboard buffer full, ignoring scancode 0x9c
00000001000i[KBD   ] internal keyboard buffer full, ignoring scancode 0x1c
00000001000i[KBD   ] internal keyboard buffer full, ignoring scancode 0x9c
00000001000i[KBD   ] internal keyboard buffer full, ignoring scancode 0x1c
00000001000i[KBD   ] internal keyboard buffer full, ignoring scancode 0x9c
00000001000i[KBD   ] internal keyboard buffer full, ignoring scancode 0x1c
00000001000i[KBD   ] internal keyboard buffer full, ignoring scancode 0x9c
00000001000i[KBD   ] internal keyboard buffer full, ignoring scancode 0x38
00000001000i[KBD   ] internal keyboard buffer full, ignoring scancode 0xb8
00000001000i[KBD   ] internal keyboard buffer full, ignoring scancode 0x38
00000001000i[KBD   ] internal keyboard buffer full, ignoring scancode 0xb8
00000001000i[KBD   ] internal keyboard buffer full, ignoring scancode 0x38
00000001000i[KBD   ] internal keyboard buffer full, ignoring scancode 0xb8
00000001740i[BIOS  ] BIOS BUILD DATE: 05/03/24
00000317046i[KBD   ] reset-disable command received
00000318141i[PIDE  ] BAR #4: i/o base address = 0xc000
00000442240i[VBIOS ] VGABios $Id: vgabios.c 288 2021-05-28 19:05:28Z vruppert $
00000442311i[BXVGA ] VBE known Display Interface b0c0
00000442343i[BXVGA ] VBE known Display Interface b0c5
00000444986i[VBIOS ] VBE Bios $Id: vbe.c 292 2021-06-03 12:24:22Z vruppert $
00003706998i[BIOS  ] Booting from 0000:7c00
00011605137e[FLOPPY] partial read() on floppy image returns 97/512
00011637137e[FLOPPY] read() on floppy image returns 0
00011669137e[FLOPPY] read() on floppy image returns 0
00011701137e[FLOPPY] read() on floppy image returns 0
00011733137e[FLOPPY] read() on floppy image returns 0
00011766117e[FLOPPY] read() on floppy image returns 0
00011798117e[FLOPPY] read() on floppy image returns 0
00011830117e[FLOPPY] read() on floppy image returns 0
00011862117e[FLOPPY] read() on floppy image returns 0
00011894117e[FLOPPY] read() on floppy image returns 0
00011926117e[FLOPPY] read() on floppy image returns 0
00011958117e[FLOPPY] read() on floppy image returns 0
00011990117e[FLOPPY] read() on floppy image returns 0
00012022117e[FLOPPY] read() on floppy image returns 0
00012055088e[FLOPPY] read() on floppy image returns 0
00012087088e[FLOPPY] read() on floppy image returns 0
00012119088e[FLOPPY] read() on floppy image returns 0
00012151088e[FLOPPY] read() on floppy image returns 0
00012183088e[FLOPPY] read() on floppy image returns 0
00012215088e[FLOPPY] read() on floppy image returns 0
00012247088e[FLOPPY] read() on floppy image returns 0
00012279088e[FLOPPY] read() on floppy image returns 0
00012311088e[FLOPPY] read() on floppy image returns 0
00012344059e[FLOPPY] read() on floppy image returns 0
00012376059e[FLOPPY] read() on floppy image returns 0
00012408059e[FLOPPY] read() on floppy image returns 0
00012440059e[FLOPPY] read() on floppy image returns 0
00012472059e[FLOPPY] read() on floppy image returns 0
00012504059e[FLOPPY] read() on floppy image returns 0
00012536059e[FLOPPY] read() on floppy image returns 0
00012568059e[FLOPPY] read() on floppy image returns 0
00012600059e[FLOPPY] read() on floppy image returns 0
00012632059e[FLOPPY] read() on floppy image returns 0
00012664059e[FLOPPY] read() on floppy image returns 0
00012696059e[FLOPPY] read() on floppy image returns 0
00012728059e[FLOPPY] read() on floppy image returns 0
00012760059e[FLOPPY] read() on floppy image returns 0
00012792059e[FLOPPY] read() on floppy image returns 0
00012824059e[FLOPPY] read() on floppy image returns 0
00012856059e[FLOPPY] read() on floppy image returns 0
00012888059e[FLOPPY] read() on floppy image returns 0
00012921035e[FLOPPY] read() on floppy image returns 0
00012953035e[FLOPPY] read() on floppy image returns 0
00012985035e[FLOPPY] read() on floppy image returns 0
00013017035e[FLOPPY] read() on floppy image returns 0
00013049035e[FLOPPY] read() on floppy image returns 0
00013081035e[FLOPPY] read() on floppy image returns 0
00013113035e[FLOPPY] read() on floppy image returns 0
00013145035e[FLOPPY] read() on floppy image returns 0
00013177035e[FLOPPY] read() on floppy image returns 0
00013209035e[FLOPPY] read() on floppy image returns 0
00013241035e[FLOPPY] read() on floppy image returns 0
00013273035e[FLOPPY] read() on floppy image returns 0
00013305035e[FLOPPY] read() on floppy image returns 0
00013337035e[FLOPPY] read() on floppy image returns 0
00013369035e[FLOPPY] read() on floppy image returns 0
00013401035e[FLOPPY] read() on floppy image returns 0
00013433035e[FLOPPY] read() on floppy image returns 0
00013465035e[FLOPPY] read() on floppy image returns 0
00013498006e[FLOPPY] read() on floppy image returns 0
00013530006e[FLOPPY] read() on floppy image returns 0
00013562006e[FLOPPY] read() on floppy image returns 0
00013594006e[FLOPPY] read() on floppy image returns 0
00013626006e[FLOPPY] read() on floppy image returns 0
00013658006e[FLOPPY] read() on floppy image returns 0
00013690006e[FLOPPY] read() on floppy image returns 0
00013722006e[FLOPPY] read() on floppy image returns 0
00013754006e[FLOPPY] read() on floppy image returns 0
00013786006e[FLOPPY] read() on floppy image returns 0
00013818006e[FLOPPY] read() on floppy image returns 0
00013850006e[FLOPPY] read() on floppy image returns 0
00013882006e[FLOPPY] read() on floppy image returns 0
00013914006e[FLOPPY] read() on floppy image returns 0
00013946006e[FLOPPY] read() on floppy image returns 0
00013978006e[FLOPPY] read() on floppy image returns 0
00014010006e[FLOPPY] read() on floppy image returns 0
00014042006e[FLOPPY] read() on floppy image returns 0
00014074982e[FLOPPY] read() on floppy image returns 0
00014106982e[FLOPPY] read() on floppy image returns 0
00014138982e[FLOPPY] read() on floppy image returns 0
00014170982e[FLOPPY] read() on floppy image returns 0
00014202982e[FLOPPY] read() on floppy image returns 0
00014234982e[FLOPPY] read() on floppy image returns 0
00014266982e[FLOPPY] read() on floppy image returns 0
00014298982e[FLOPPY] read() on floppy image returns 0
00014330982e[FLOPPY] read() on floppy image returns 0
00014362982e[FLOPPY] read() on floppy image returns 0
00014394982e[FLOPPY] read() on floppy image returns 0
00014426982e[FLOPPY] read() on floppy image returns 0
00014458982e[FLOPPY] read() on floppy image returns 0
00014490982e[FLOPPY] read() on floppy image returns 0
00014522982e[FLOPPY] read() on floppy image returns 0
00014554982e[FLOPPY] read() on floppy image returns 0
00014586982e[FLOPPY] read() on floppy image returns 0
00014618982e[FLOPPY] read() on floppy image returns 0
00014651953e[FLOPPY] read() on floppy image returns 0
00014683953e[FLOPPY] read() on floppy image returns 0
00014715953e[FLOPPY] read() on floppy image returns 0
00014747953e[FLOPPY] read() on floppy image returns 0
00014779953e[FLOPPY] read() on floppy image returns 0
00014811953e[FLOPPY] read() on floppy image returns 0
00014843953e[FLOPPY] read() on floppy image returns 0
00014875953e[FLOPPY] read() on floppy image returns 0
00014907953e[FLOPPY] read() on floppy image returns 0
00014939953e[FLOPPY] read() on floppy image returns 0
00014971953e[FLOPPY] read() on floppy image returns 0
00015003953e[FLOPPY] read() on floppy image returns 0
00015035953e[FLOPPY] read() on floppy image returns 0
00015067953e[FLOPPY] read() on floppy image returns 0
00015099953e[FLOPPY] read() on floppy image returns 0
00015131953e[FLOPPY] read() on floppy image returns 0
00015163953e[FLOPPY] read() on floppy image returns 0
00015195953e[FLOPPY] read() on floppy image returns 0
00015228929e[FLOPPY] read() on floppy image returns 0
00015260929e[FLOPPY] read() on floppy image returns 0
00015292929e[FLOPPY] read() on floppy image returns 0
00015324929e[FLOPPY] read() on floppy image returns 0
00015356929e[FLOPPY] read() on floppy image returns 0
00015388929e[FLOPPY] read() on floppy image returns 0
00015420929e[FLOPPY] read() on floppy image returns 0
00015452929e[FLOPPY] read() on floppy image returns 0
00015484929e[FLOPPY] read() on floppy image returns 0
00015516929e[FLOPPY] read() on floppy image returns 0
00015548929e[FLOPPY] read() on floppy image returns 0
00015580929e[FLOPPY] read() on floppy image returns 0
00015612929e[FLOPPY] read() on floppy image returns 0
00015644929e[FLOPPY] read() on floppy image returns 0
00015676929e[FLOPPY] read() on floppy image returns 0
00015708929e[FLOPPY] read() on floppy image returns 0
00015740929e[FLOPPY] read() on floppy image returns 0
00015772929e[FLOPPY] read() on floppy image returns 0
00015805904e[FLOPPY] read() on floppy image returns 0
00015837904e[FLOPPY] read() on floppy image returns 0
00015869904e[FLOPPY] read() on floppy image returns 0
00015901904e[FLOPPY] read() on floppy image returns 0
00015933904e[FLOPPY] read() on floppy image returns 0
00015965904e[FLOPPY] read() on floppy image returns 0
00015997904e[FLOPPY] read() on floppy image returns 0
00016029904e[FLOPPY] read() on floppy image returns 0
00016061904e[FLOPPY] read() on floppy image returns 0
00016093904e[FLOPPY] read() on floppy image returns 0
00016125904e[FLOPPY] read() on floppy image returns 0
00016162016i[BIOS  ] int13_harddisk: function 15, unmapped device for ELDL=81
00016443159i[GDBST ] found breakpoint at 000000000001a760
00016443159i[GDBST ] stopped with ac1
00016443159i[GDBST ] reg 8 set to 000000000001a760
00016443159i[GDBST ] reg 41 set to 00000000ffffffff
00016443159i[GDBST ] Removing breakpoint at 000000000001a760
00016443159i[GDBST ] addr 000000000001f880 len 40
00016443159i[GDBST ] stepping
00016443160i[GDBST ] stopped with ac2
00016443160i[GDBST ] Setting breakpoint at 000000000001a760
00016443160i[GDBST ] stepping
00016443161i[GDBST ] stopped with ac2
00016443161i[GDBST ] stepping
00016443162i[GDBST ] stopped with ac2
00016443162i[GDBST ] stepping
00016443163i[GDBST ] stopped with ac2
00016443163i[GDBST ] stepping
00016443164i[GDBST ] stopped with ac2
00016443164i[GDBST ] stepping
00016443165i[GDBST ] stopped with ac2
00016443165i[GDBST ] stepping
00016443166i[GDBST ] stopped with ac2
00016443166i[GDBST ] stepping
00016443167i[GDBST ] stopped with ac2
00016443167i[GDBST ] stepping
00016443168i[GDBST ] stopped with ac2
00016443168i[GDBST ] stepping
00016443169i[GDBST ] stopped with ac2
00016443169i[GDBST ] addr 000000000001f898 len 4
00016443169i[GDBST ] addr 000000000001f880 len 40
00016443169i[GDBST ] Removing breakpoint at 000000000001a760
00016443169i[GDBST ] addr 000000000001f898 len 4
00016443169i[GDBST ] Setting breakpoint at 000000000001a760
00016443169i[GDBST ] stepping
00016443170i[GDBST ] stopped with ac2
00016443170i[GDBST ] stepping
00016443171i[GDBST ] stopped with ac2
00016443171i[GDBST ] addr 000000000001f898 len 4
00016443171i[GDBST ] addr 000000000001f880 len 40
00016443171i[GDBST ] Removing breakpoint at 000000000001a760
00016443171i[GDBST ] addr 000000000001f898 len 4
00016443171i[GDBST ] Setting breakpoint at 000000000001a760
00016443171i[GDBST ] stepping
00016443172i[GDBST ] stopped with ac2
00016443172i[GDBST ] stepping
00016443173i[GDBST ] stopped with ac2
00016443173i[GDBST ] stepping
00016443174i[GDBST ] stopped with ac2
00016443174i[GDBST ] stepping
00016443182i[GDBST ] stopped with ac2
00016443182i[GDBST ] addr 000000000001f898 len 4
00016443182i[GDBST ] addr 000000000001f880 len 40
00016443182i[GDBST ] Removing breakpoint at 000000000001a760
00016443182i[GDBST ] addr 000000000001f898 len 4
00016443182i[GDBST ] Setting breakpoint at 000000000001a760
00016443182i[GDBST ] stepping
00016443183i[GDBST ] stopped with ac2
00016443183i[GDBST ] stepping
00016443184i[GDBST ] stopped with ac2
00016443184i[GDBST ] stepping
00016443185i[GDBST ] stopped with ac2
00016443185i[GDBST ] addr 000000000001f898 len 4
00016443185i[GDBST ] addr 000000000001f880 len 40
00016443185i[GDBST ] stepping
00016443186i[GDBST ] stopped with ac2
00016443186i[GDBST ] stepping
00016443187i[GDBST ] stopped with ac2
00016443187i[GDBST ] addr 000000000001f898 len 4
00016443187i[GDBST ] addr 000000000001f880 len 40
00016443187i[GDBST ] Removing breakpoint at 000000000001a760
00016443187i[GDBST ] addr 000000000001f898 len 4
00016443187i[GDBST ] Setting breakpoint at 000000000001a760
00016443187i[GDBST ] stepping
00016443188i[GDBST ] stopped with ac2
00016443188i[GDBST ] stepping
00016443189i[GDBST ] stopped with ac2
00016443189i[GDBST ] addr 000000000001f898 len 4
00016443189i[GDBST ] addr 000000000001f880 len 40
00016443189i[GDBST ] Removing breakpoint at 000000000001a760
00016443189i[GDBST ] addr 000000000001f898 len 4
00016443189i[GDBST ] Setting breakpoint at 000000000001a760
00016443189i[GDBST ] stepping
00016443190i[GDBST ] stopped with ac2
00016443190i[GDBST ] stepping
00016443191i[GDBST ] stopped with ac2
00016443191i[GDBST ] addr 000000000001f898 len 4
00016443191i[GDBST ] addr 000000000001f880 len 40
00016443191i[GDBST ] Removing breakpoint at 000000000001a760
00016443191i[GDBST ] addr 000000000001f898 len 4
00016443191i[GDBST ] Setting breakpoint at 000000000001a760
00016443191i[GDBST ] stepping
00016443192i[GDBST ] stopped with ac2
00016443192i[GDBST ] stepping
00016443193i[GDBST ] stopped with ac2
00016443193i[GDBST ] addr 000000000001f898 len 4
00016443193i[GDBST ] addr 000000000001f880 len 40
00016443193i[GDBST ] Removing breakpoint at 000000000001a760
00016443193i[GDBST ] addr 000000000001f898 len 4
00016443193i[GDBST ] Setting breakpoint at 000000000001a760
00016443193i[GDBST ] stepping
00016443194i[GDBST ] stopped with ac2
00016443194i[GDBST ] addr 000000000001f898 len 4
00016443194i[GDBST ] addr 000000000001f880 len 40
00016443194i[GDBST ] Removing breakpoint at 000000000001a760
00016443194i[GDBST ] addr 000000000001f898 len 4
00016443194i[GDBST ] Setting breakpoint at 000000000001a760
00016443194i[GDBST ] stepping
00016443195i[GDBST ] stopped with ac2
00016443195i[GDBST ] stepping
00016443196i[GDBST ] stopped with ac2
00016443196i[GDBST ] stepping
00016443197i[GDBST ] stopped with ac2
00016443197i[GDBST ] stepping
00016443198i[GDBST ] stopped with ac2
00016443198i[GDBST ] addr 000000000001f800 len 40
00016443198i[GDBST ] addr 000000000001f898 len 4
00016443198i[GDBST ] addr 000000000001f880 len 40
00016443198i[GDBST ] addr 000000000001a7df len 1
00016443198i[GDBST ] Setting breakpoint at 000000000001a7df
00016470858i[GDBST ] found breakpoint at 000000000001a7df
00016470858i[GDBST ] stopped with ac1
00016470858i[GDBST ] reg 8 set to 000000000001a7df
00016470858i[GDBST ] reg 41 set to 00000000ffffffff
00016470858i[GDBST ] addr 000000000001f898 len 4
00016470858i[GDBST ] addr 000000000001f880 len 40
00016470858i[GDBST ] Removing breakpoint at 000000000001a7df
00016470858i[GDBST ] Removing breakpoint at 000000000001a760
00016470858i[GDBST ] addr 000000000001f898 len 4
00016470858i[GDBST ] Setting breakpoint at 000000000001a760
00016470858i[GDBST ] stepping
00016470859i[GDBST ] stopped with ac2
00016470859i[GDBST ] addr 000000000001f800 len 40
00016470859i[GDBST ] addr 000000000001f898 len 4
00016470859i[GDBST ] addr 000000000001f880 len 40
00016470859i[GDBST ] addr 000000000001a7e4 len 1
00016470859i[GDBST ] Setting breakpoint at 000000000001a7e4
00016471197i[GDBST ] found breakpoint at 000000000001a7e4
00016471197i[GDBST ] stopped with ac1
00016471197i[GDBST ] reg 8 set to 000000000001a7e4
00016471197i[GDBST ] reg 41 set to 00000000ffffffff
00016471197i[GDBST ] addr 000000000001f898 len 4
00016471197i[GDBST ] addr 000000000001f880 len 40
00016471197i[GDBST ] Removing breakpoint at 000000000001a7e4
00016471197i[GDBST ] Removing breakpoint at 000000000001a760
00016471197i[GDBST ] addr 000000000001f898 len 4
00016471197i[GDBST ] Setting breakpoint at 000000000001a760
00016471197i[GDBST ] stepping
00016471198i[GDBST ] stopped with ac2
00016471198i[GDBST ] addr 000000000001f800 len 40
00016471198i[GDBST ] addr 000000000001f898 len 4
00016471198i[GDBST ] addr 000000000001f880 len 40
00016471198i[GDBST ] addr 000000000001a7e9 len 1
00016471198i[GDBST ] Setting breakpoint at 000000000001a7e9
00016471361i[GDBST ] found breakpoint at 000000000001a7e9
00016471361i[GDBST ] stopped with ac1
00016471361i[GDBST ] reg 8 set to 000000000001a7e9
00016471361i[GDBST ] reg 41 set to 00000000ffffffff
00016471361i[GDBST ] addr 000000000001f898 len 4
00016471361i[GDBST ] addr 000000000001f880 len 40
00016471361i[GDBST ] Removing breakpoint at 000000000001a7e9
00016471361i[GDBST ] Removing breakpoint at 000000000001a760
00016471361i[GDBST ] addr 000000000001f898 len 4
00016471361i[GDBST ] Setting breakpoint at 000000000001a760
00016471361i[GDBST ] stepping
00016471362i[GDBST ] stopped with ac2
00016471362i[GDBST ] addr 000000000001f800 len 40
00016471362i[GDBST ] addr 000000000001f898 len 4
00016471362i[GDBST ] addr 000000000001f880 len 40
00016471362i[GDBST ] addr 000000000001a7ee len 1
00016471362i[GDBST ] Setting breakpoint at 000000000001a7ee
00016471363i[GDBST ] found breakpoint at 000000000001a7ee
00016471363i[GDBST ] stopped with ac1
00016471363i[GDBST ] reg 8 set to 000000000001a7ee
00016471363i[GDBST ] reg 41 set to 00000000ffffffff
00016471363i[GDBST ] addr 000000000001f898 len 4
00016471363i[GDBST ] addr 000000000001f880 len 40
00016471363i[GDBST ] Removing breakpoint at 000000000001a7ee
00016471363i[GDBST ] Removing breakpoint at 000000000001a760
00016471363i[GDBST ] addr 000000000001f898 len 4
00016471363i[GDBST ] Setting breakpoint at 000000000001a760
00016471363i[GDBST ] stepping
00016471364i[GDBST ] stopped with ac2
00016471364i[GDBST ] addr 000000000001f800 len 40
00016471364i[GDBST ] addr 000000000001f898 len 4
00016471364i[GDBST ] addr 000000000001f880 len 40
00016471364i[GDBST ] addr 000000000001a7f3 len 1
00016471364i[GDBST ] Setting breakpoint at 000000000001a7f3
00016471571i[GDBST ] found breakpoint at 000000000001a7f3
00016471571i[GDBST ] stopped with ac1
00016471571i[GDBST ] reg 8 set to 000000000001a7f3
00016471571i[GDBST ] reg 41 set to 00000000ffffffff
00016471571i[GDBST ] addr 000000000001f898 len 4
00016471571i[GDBST ] addr 000000000001f880 len 40
00016471571i[GDBST ] Removing breakpoint at 000000000001a7f3
00016471571i[GDBST ] Removing breakpoint at 000000000001a760
00016471571i[GDBST ] addr 000000000001f898 len 4
00016471571i[GDBST ] Setting breakpoint at 000000000001a760
00016471571i[GDBST ] stepping
00016471572i[GDBST ] stopped with ac2
00016471572i[GDBST ] addr 000000000001f898 len 4
00016471572i[GDBST ] addr 000000000001f880 len 40
00016471572i[GDBST ] Removing breakpoint at 000000000001a760
00016471572i[GDBST ] addr 000000000001f898 len 4
00016471572i[GDBST ] Setting breakpoint at 000000000001a760
00016471572i[GDBST ] stepping
00016471573i[GDBST ] stopped with ac2
00016471573i[GDBST ] stepping
00016471574i[GDBST ] stopped with ac2
00016471574i[GDBST ] stepping
00016471575i[GDBST ] stopped with ac2
00016471575i[GDBST ] stepping
00016471576i[GDBST ] stopped with ac2
00016471576i[GDBST ] stepping
00016471577i[GDBST ] stopped with ac2
00016471577i[GDBST ] addr 000000000001f898 len 4
00016471577i[GDBST ] addr 000000000001f880 len 40
00016471577i[GDBST ] stepping
00016471578i[GDBST ] stopped with ac2
00016471578i[GDBST ] addr 000000000001f898 len 4
00016471578i[GDBST ] addr 000000000001f880 len 40
00016471578i[GDBST ] stepping
00016471579i[GDBST ] stopped with ac2
00016471579i[GDBST ] addr 000000000001f898 len 4
00016471579i[GDBST ] addr 000000000001f880 len 40
00016471579i[GDBST ] stepping
00016471580i[GDBST ] stopped with ac2
00016471580i[GDBST ] addr 000000000001f898 len 4
00016471580i[GDBST ] addr 000000000001f880 len 40
00016471580i[GDBST ] stepping
00016471581i[GDBST ] stopped with ac2
00016471581i[GDBST ] addr 000000000001f898 len 4
00016471581i[GDBST ] addr 000000000001f880 len 40
00016471581i[GDBST ] stepping
00016471582i[GDBST ] stopped with ac2
00016471582i[GDBST ] addr 000000000001f898 len 4
00016471582i[GDBST ] addr 000000000001f880 len 40
00016471582i[GDBST ] stepping
00016471583i[GDBST ] stopped with ac2
00016471583i[GDBST ] addr 000000000001f898 len 4
00016471583i[GDBST ] addr 000000000001f880 len 40
00016471583i[GDBST ] stepping
00016471584i[GDBST ] stopped with ac2
00016471584i[GDBST ] addr 000000000001f898 len 4
00016471584i[GDBST ] addr 000000000001f880 len 40
00016471584i[GDBST ] stepping
00016471585i[GDBST ] stopped with ac2
00016471585i[GDBST ] addr 000000000001f898 len 4
00016471585i[GDBST ] addr 000000000001f880 len 40
00016471585i[GDBST ] stepping
00016471586i[GDBST ] stopped with ac2
00016471586i[GDBST ] addr 000000000001f898 len 4
00016471586i[GDBST ] addr 000000000001f880 len 40
00016471586i[GDBST ] stepping
00016471587i[GDBST ] stopped with ac2
00016471587i[GDBST ] addr 000000000001f898 len 4
00016471587i[GDBST ] addr 000000000001f880 len 40
00016471587i[GDBST ] stepping
00016471588i[GDBST ] stopped with ac2
00016471588i[GDBST ] addr 000000000001f898 len 4
00016471588i[GDBST ] addr 000000000001f880 len 40
00016471588i[GDBST ] stepping
00016471589i[GDBST ] stopped with ac2
00016471589i[GDBST ] addr 000000000001f898 len 4
00016471589i[GDBST ] addr 000000000001f880 len 40
00016471589i[GDBST ] stepping
00016471590i[GDBST ] stopped with ac2
00016471590i[GDBST ] addr 000000000001f898 len 4
00016471590i[GDBST ] addr 000000000001f880 len 40
00016471590i[GDBST ] stepping
00016471591i[GDBST ] stopped with ac2
00016471591i[GDBST ] addr 000000000001f898 len 4
00016471591i[GDBST ] addr 000000000001f880 len 40
00016471591i[GDBST ] stepping
00016471592i[GDBST ] stopped with ac2
00016471592i[GDBST ] addr 000000000001f898 len 4
00016471592i[GDBST ] addr 000000000001f880 len 40
00016471592i[GDBST ] stepping
00016471593i[GDBST ] stopped with ac2
00016471593i[GDBST ] addr 000000000001f898 len 4
00016471593i[GDBST ] addr 000000000001f880 len 40
00016471593i[GDBST ] stepping
00016471594i[GDBST ] stopped with ac2
00016471594i[GDBST ] addr 000000000001f898 len 4
00016471594i[GDBST ] addr 000000000001f880 len 40
00016471594i[GDBST ] stepping
00016471595i[GDBST ] stopped with ac2
00016471595i[GDBST ] addr 000000000001f898 len 4
00016471595i[GDBST ] addr 000000000001f880 len 40
00016471595i[GDBST ] stepping
00016471596i[GDBST ] stopped with ac2
00016471596i[GDBST ] addr 000000000001f898 len 4
00016471596i[GDBST ] addr 000000000001f880 len 40
00016471596i[GDBST ] stepping
00016471597i[GDBST ] stopped with ac2
00016471597i[GDBST ] addr 000000000001f898 len 4
00016471597i[GDBST ] addr 000000000001f880 len 40
00016471597i[GDBST ] stepping
00016471598i[GDBST ] stopped with ac2
00016471598i[GDBST ] addr 000000000001f898 len 4
00016471598i[GDBST ] addr 000000000001f880 len 40
00016471598i[GDBST ] stepping
00016471599i[GDBST ] stopped with ac2
00016471599i[GDBST ] addr 000000000001f898 len 4
00016471599i[GDBST ] addr 000000000001f880 len 40
00016471599i[GDBST ] stepping
00016471600i[GDBST ] stopped with ac2
00016471600i[GDBST ] addr 000000000001f898 len 4
00016471600i[GDBST ] addr 000000000001f880 len 40
00016471600i[GDBST ] stepping
00016471601i[GDBST ] stopped with ac2
00016471601i[GDBST ] addr 000000000001f898 len 4
00016471601i[GDBST ] addr 000000000001f880 len 40
00016471601i[GDBST ] stepping
00016471602i[GDBST ] stopped with ac2
00016471602i[GDBST ] addr 000000000001f898 len 4
00016471602i[GDBST ] addr 000000000001f880 len 40
00016471602i[GDBST ] stepping
00016471603i[GDBST ] stopped with ac2
00016471603i[GDBST ] addr 000000000001f898 len 4
00016471603i[GDBST ] addr 000000000001f880 len 40
00016471603i[GDBST ] stepping
00016471604i[GDBST ] stopped with ac2
00016471604i[GDBST ] addr 000000000001f898 len 4
00016471604i[GDBST ] addr 000000000001f880 len 40
00016471604i[GDBST ] stepping
00016471605i[GDBST ] stopped with ac2
00016471605i[GDBST ] addr 000000000001f898 len 4
00016471605i[GDBST ] addr 000000000001f880 len 40
00016471605i[GDBST ] stepping
00016471606i[GDBST ] stopped with ac2
00016471606i[GDBST ] addr 000000000001f898 len 4
00016471606i[GDBST ] addr 000000000001f880 len 40
00016471606i[GDBST ] stepping
00016471607i[GDBST ] stopped with ac2
00016471607i[GDBST ] addr 000000000001f898 len 4
00016471607i[GDBST ] addr 000000000001f880 len 40
00016471607i[GDBST ] stepping
00016471608i[GDBST ] stopped with ac2
00016471608i[GDBST ] addr 000000000001f898 len 4
00016471608i[GDBST ] addr 000000000001f880 len 40
00016471608i[GDBST ] stepping
00016471609i[GDBST ] stopped with ac2
00016471609i[GDBST ] addr 000000000001f898 len 4
00016471609i[GDBST ] addr 000000000001f880 len 40
00016471609i[GDBST ] stepping
00016471610i[GDBST ] stopped with ac2
00016471610i[GDBST ] addr 000000000001f898 len 4
00016471610i[GDBST ] addr 000000000001f880 len 40
00016471610i[GDBST ] stepping
00016471611i[GDBST ] stopped with ac2
00016471611i[GDBST ] addr 000000000001f898 len 4
00016471611i[GDBST ] addr 000000000001f880 len 40
00016471611i[GDBST ] stepping
00016471612i[GDBST ] stopped with ac2
00016471612i[GDBST ] addr 000000000001f898 len 4
00016471612i[GDBST ] addr 000000000001f880 len 40
00016471612i[GDBST ] stepping
00016471613i[GDBST ] stopped with ac2
00016471613i[GDBST ] addr 000000000001f898 len 4
00016471613i[GDBST ] addr 000000000001f880 len 40
00016471613i[GDBST ] stepping
00016471614i[GDBST ] stopped with ac2
00016471614i[GDBST ] addr 000000000001f898 len 4
00016471614i[GDBST ] addr 000000000001f880 len 40
00016471614i[GDBST ] stepping
00016471615i[GDBST ] stopped with ac2
00016471615i[GDBST ] addr 000000000001f898 len 4
00016471615i[GDBST ] addr 000000000001f880 len 40
00016471615i[GDBST ] stepping
00016471616i[GDBST ] stopped with ac2
00016471616i[GDBST ] addr 000000000001f898 len 4
00016471616i[GDBST ] addr 000000000001f880 len 40
00016471616i[GDBST ] stepping
00016471617i[GDBST ] stopped with ac2
00016471617i[GDBST ] addr 000000000001f898 len 4
00016471617i[GDBST ] addr 000000000001f880 len 40
00016471617i[GDBST ] stepping
00016471618i[GDBST ] stopped with ac2
00016471618i[GDBST ] addr 000000000001f898 len 4
00016471618i[GDBST ] addr 000000000001f880 len 40
00016471618i[GDBST ] stepping
00016471619i[GDBST ] stopped with ac2
00016471619i[GDBST ] addr 000000000001f898 len 4
00016471619i[GDBST ] addr 000000000001f880 len 40
00016471619i[GDBST ] stepping
00016471620i[GDBST ] stopped with ac2
00016471620i[GDBST ] addr 000000000001f898 len 4
00016471620i[GDBST ] addr 000000000001f880 len 40
00016471620i[GDBST ] stepping
00016471621i[GDBST ] stopped with ac2
00016471621i[GDBST ] addr 000000000001f898 len 4
00016471621i[GDBST ] addr 000000000001f880 len 40
00016471621i[GDBST ] stepping
00016471622i[GDBST ] stopped with ac2
00016471622i[GDBST ] addr 000000000001f898 len 4
00016471622i[GDBST ] addr 000000000001f880 len 40
00016471622i[GDBST ] stepping
00016471623i[GDBST ] stopped with ac2
00016471623i[GDBST ] addr 000000000001f898 len 4
00016471623i[GDBST ] addr 000000000001f880 len 40
00016471623i[GDBST ] stepping
00016471624i[GDBST ] stopped with ac2
00016471624i[GDBST ] addr 000000000001f898 len 4
00016471624i[GDBST ] addr 000000000001f880 len 40
00016471624i[GDBST ] stepping
00016471625i[GDBST ] stopped with ac2
00016471625i[GDBST ] addr 000000000001f898 len 4
00016471625i[GDBST ] addr 000000000001f880 len 40
00016471625i[GDBST ] stepping
00016471626i[GDBST ] stopped with ac2
00016471626i[GDBST ] addr 000000000001f898 len 4
00016471626i[GDBST ] addr 000000000001f880 len 40
00016471626i[GDBST ] stepping
00016471627i[GDBST ] stopped with ac2
00016471627i[GDBST ] addr 000000000001f898 len 4
00016471627i[GDBST ] addr 000000000001f880 len 40
00016471627i[GDBST ] stepping
00016471628i[GDBST ] stopped with ac2
00016471628i[GDBST ] addr 000000000001f898 len 4
00016471628i[GDBST ] addr 000000000001f880 len 40
00016471628i[GDBST ] stepping
00016471629i[GDBST ] stopped with ac2
00016471629i[GDBST ] addr 000000000001f898 len 4
00016471629i[GDBST ] addr 000000000001f880 len 40
00016471629i[GDBST ] stepping
00016471630i[GDBST ] stopped with ac2
00016471630i[GDBST ] addr 000000000001f898 len 4
00016471630i[GDBST ] addr 000000000001f880 len 40
00016471630i[GDBST ] stepping
00016471631i[GDBST ] stopped with ac2
00016471631i[GDBST ] addr 000000000001f898 len 4
00016471631i[GDBST ] addr 000000000001f880 len 40
00016471631i[GDBST ] stepping
00016471632i[GDBST ] stopped with ac2
00016471632i[GDBST ] addr 000000000001f898 len 4
00016471632i[GDBST ] addr 000000000001f880 len 40
00016471632i[GDBST ] stepping
00016471633i[GDBST ] stopped with ac2
00016471633i[GDBST ] addr 000000000001f898 len 4
00016471633i[GDBST ] addr 000000000001f880 len 40
00016471633i[GDBST ] stepping
00016471634i[GDBST ] stopped with ac2
00016471634i[GDBST ] addr 000000000001f898 len 4
00016471634i[GDBST ] addr 000000000001f880 len 40
00016471634i[GDBST ] stepping
00016471635i[GDBST ] stopped with ac2
00016471635i[GDBST ] addr 000000000001f898 len 4
00016471635i[GDBST ] addr 000000000001f880 len 40
00016471635i[GDBST ] stepping
00016471636i[GDBST ] stopped with ac2
00016471636i[GDBST ] addr 000000000001f898 len 4
00016471636i[GDBST ] addr 000000000001f880 len 40
00016471636i[GDBST ] stepping
00016471637i[GDBST ] stopped with ac2
00016471637i[GDBST ] addr 000000000001f898 len 4
00016471637i[GDBST ] addr 000000000001f880 len 40
00016471637i[GDBST ] stepping
00016471638i[GDBST ] stopped with ac2
00016471638i[GDBST ] addr 000000000001f898 len 4
00016471638i[GDBST ] addr 000000000001f880 len 40
00016471638i[GDBST ] stepping
00016471639i[GDBST ] stopped with ac2
00016471639i[GDBST ] addr 000000000001f898 len 4
00016471639i[GDBST ] addr 000000000001f880 len 40
00016471639i[GDBST ] stepping
00016471640i[GDBST ] stopped with ac2
00016471640i[GDBST ] addr 000000000001f898 len 4
00016471640i[GDBST ] addr 000000000001f880 len 40
00016471640i[GDBST ] stepping
00016471641i[GDBST ] stopped with ac2
00016471641i[GDBST ] addr 000000000001f898 len 4
00016471641i[GDBST ] addr 000000000001f880 len 40
00016471641i[GDBST ] stepping
00016471642i[GDBST ] stopped with ac2
00016471642i[GDBST ] addr 000000000001f898 len 4
00016471642i[GDBST ] addr 000000000001f880 len 40
00016471642i[GDBST ] stepping
00016471643i[GDBST ] stopped with ac2
00016471643i[GDBST ] addr 000000000001f898 len 4
00016471643i[GDBST ] addr 000000000001f880 len 40
00016471643i[GDBST ] stepping
00016471644i[GDBST ] stopped with ac2
00016471644i[GDBST ] addr 000000000001f898 len 4
00016471644i[GDBST ] addr 000000000001f880 len 40
00016471644i[GDBST ] stepping
00016471645i[GDBST ] stopped with ac2
00016471645i[GDBST ] addr 000000000001f898 len 4
00016471645i[GDBST ] addr 000000000001f880 len 40
00016471645i[GDBST ] stepping
00016471646i[GDBST ] stopped with ac2
00016471646i[GDBST ] addr 000000000001f898 len 4
00016471646i[GDBST ] addr 000000000001f880 len 40
00016471646i[GDBST ] stepping
00016471647i[GDBST ] stopped with ac2
00016471647i[GDBST ] addr 000000000001f898 len 4
00016471647i[GDBST ] addr 000000000001f880 len 40
00016471647i[GDBST ] stepping
00016471648i[GDBST ] stopped with ac2
00016471648i[GDBST ] addr 000000000001f898 len 4
00016471648i[GDBST ] addr 000000000001f880 len 40
00016471648i[GDBST ] stepping
00016471649i[GDBST ] stopped with ac2
00016471649i[GDBST ] addr 000000000001f898 len 4
00016471649i[GDBST ] addr 000000000001f880 len 40
00016471649i[GDBST ] stepping
00016471650i[GDBST ] stopped with ac2
00016471650i[GDBST ] addr 000000000001f898 len 4
00016471650i[GDBST ] addr 000000000001f880 len 40
00016471650i[GDBST ] stepping
00016471651i[GDBST ] stopped with ac2
00016471651i[GDBST ] addr 000000000001f898 len 4
00016471651i[GDBST ] addr 000000000001f880 len 40
00016471651i[GDBST ] stepping
00016471652i[GDBST ] stopped with ac2
00016471652i[GDBST ] addr 000000000001f898 len 4
00016471652i[GDBST ] addr 000000000001f880 len 40
00016471652i[GDBST ] stepping
00016471653i[GDBST ] stopped with ac2
00016471653i[GDBST ] addr 000000000001f898 len 4
00016471653i[GDBST ] addr 000000000001f880 len 40
00016471653i[GDBST ] stepping
00016471654i[GDBST ] stopped with ac2
00016471654i[GDBST ] addr 000000000001f898 len 4
00016471654i[GDBST ] addr 000000000001f880 len 40
00016471654i[GDBST ] stepping
00016471655i[GDBST ] stopped with ac2
00016471655i[GDBST ] addr 000000000001f898 len 4
00016471655i[GDBST ] addr 000000000001f880 len 40
00016471655i[GDBST ] stepping
00016471656i[GDBST ] stopped with ac2
00016471656i[GDBST ] addr 000000000001f898 len 4
00016471656i[GDBST ] addr 000000000001f880 len 40
00016471656i[GDBST ] stepping
00016471657i[GDBST ] stopped with ac2
00016471657i[GDBST ] addr 000000000001f898 len 4
00016471657i[GDBST ] addr 000000000001f880 len 40
00016471657i[GDBST ] stepping
00016471658i[GDBST ] stopped with ac2
00016471658i[GDBST ] addr 000000000001f898 len 4
00016471658i[GDBST ] addr 000000000001f880 len 40
00016471658i[GDBST ] stepping
00016471659i[GDBST ] stopped with ac2
00016471659i[GDBST ] addr 000000000001f898 len 4
00016471659i[GDBST ] addr 000000000001f880 len 40
00016471659i[GDBST ] stepping
00016471660i[GDBST ] stopped with ac2
00016471660i[GDBST ] addr 000000000001f898 len 4
00016471660i[GDBST ] addr 000000000001f880 len 40
00016471660i[GDBST ] stepping
00016471661i[GDBST ] stopped with ac2
00016471661i[GDBST ] addr 000000000001f898 len 4
00016471661i[GDBST ] addr 000000000001f880 len 40
00016471661i[GDBST ] stepping
00016471662i[GDBST ] stopped with ac2
00016471662i[GDBST ] addr 000000000001f898 len 4
00016471662i[GDBST ] addr 000000000001f880 len 40
00016471662i[GDBST ] stepping
00016471663i[GDBST ] stopped with ac2
00016471663i[GDBST ] addr 000000000001f898 len 4
00016471663i[GDBST ] addr 000000000001f880 len 40
00016471663i[GDBST ] stepping
00016471664i[GDBST ] stopped with ac2
00016471664i[GDBST ] addr 000000000001f898 len 4
00016471664i[GDBST ] addr 000000000001f880 len 40
00016471664i[GDBST ] stepping
00016471665i[GDBST ] stopped with ac2
00016471665i[GDBST ] addr 000000000001f898 len 4
00016471665i[GDBST ] addr 000000000001f880 len 40
00016471665i[GDBST ] stepping
00016471666i[GDBST ] stopped with ac2
00016471666i[GDBST ] addr 000000000001f898 len 4
00016471666i[GDBST ] addr 000000000001f880 len 40
00016471666i[GDBST ] stepping
00016471667i[GDBST ] stopped with ac2
00016471667i[GDBST ] addr 000000000001f898 len 4
00016471667i[GDBST ] addr 000000000001f880 len 40
00016471667i[GDBST ] stepping
00016471668i[GDBST ] stopped with ac2
00016471668i[GDBST ] addr 000000000001f898 len 4
00016471668i[GDBST ] addr 000000000001f880 len 40
00016471668i[GDBST ] stepping
00016471669i[GDBST ] stopped with ac2
00016471669i[GDBST ] addr 000000000001f898 len 4
00016471669i[GDBST ] addr 000000000001f880 len 40
00016471669i[GDBST ] stepping
00016471670i[GDBST ] stopped with ac2
00016471670i[GDBST ] addr 000000000001f898 len 4
00016471670i[GDBST ] addr 000000000001f880 len 40
00016471670i[GDBST ] stepping
00016471671i[GDBST ] stopped with ac2
00016471671i[GDBST ] addr 000000000001f898 len 4
00016471671i[GDBST ] addr 000000000001f880 len 40
00016471671i[GDBST ] stepping
00016471672i[GDBST ] stopped with ac2
00016471672i[GDBST ] addr 000000000001f898 len 4
00016471672i[GDBST ] addr 000000000001f880 len 40
00016471672i[GDBST ] stepping
00016471673i[GDBST ] stopped with ac2
00016471673i[GDBST ] addr 000000000001f898 len 4
00016471673i[GDBST ] addr 000000000001f880 len 40
00016471673i[GDBST ] stepping
00016471674i[GDBST ] stopped with ac2
00016471674i[GDBST ] addr 000000000001f898 len 4
00016471674i[GDBST ] addr 000000000001f880 len 40
00016471674i[GDBST ] stepping
00016471675i[GDBST ] stopped with ac2
00016471675i[GDBST ] addr 000000000001f898 len 4
00016471675i[GDBST ] addr 000000000001f880 len 40
00016471675i[GDBST ] stepping
00016471676i[GDBST ] stopped with ac2
00016471676i[GDBST ] addr 000000000001f898 len 4
00016471676i[GDBST ] addr 000000000001f880 len 40
00016471676i[GDBST ] stepping
00016471677i[GDBST ] stopped with ac2
00016471677i[GDBST ] addr 000000000001f898 len 4
00016471677i[GDBST ] addr 000000000001f880 len 40
00016471677i[GDBST ] stepping
00016471678i[GDBST ] stopped with ac2
00016471678i[GDBST ] addr 000000000001f898 len 4
00016471678i[GDBST ] addr 000000000001f880 len 40
00016471678i[GDBST ] stepping
00016471679i[GDBST ] stopped with ac2
00016471679i[GDBST ] addr 000000000001f898 len 4
00016471679i[GDBST ] addr 000000000001f880 len 40
00016471679i[GDBST ] stepping
00016471680i[GDBST ] stopped with ac2
00016471680i[GDBST ] addr 000000000001f898 len 4
00016471680i[GDBST ] addr 000000000001f880 len 40
00016471680i[GDBST ] stepping
00016471681i[GDBST ] stopped with ac2
00016471681i[GDBST ] addr 000000000001f898 len 4
00016471681i[GDBST ] addr 000000000001f880 len 40
00016471681i[GDBST ] stepping
00016471682i[GDBST ] stopped with ac2
00016471682i[GDBST ] addr 000000000001f898 len 4
00016471682i[GDBST ] addr 000000000001f880 len 40
00016471682i[GDBST ] stepping
00016471683i[GDBST ] stopped with ac2
00016471683i[GDBST ] addr 000000000001f898 len 4
00016471683i[GDBST ] addr 000000000001f880 len 40
00016471683i[GDBST ] stepping
00016471684i[GDBST ] stopped with ac2
00016471684i[GDBST ] addr 000000000001f898 len 4
00016471684i[GDBST ] addr 000000000001f880 len 40
00016471684i[GDBST ] stepping
00016471685i[GDBST ] stopped with ac2
00016471685i[GDBST ] addr 000000000001f898 len 4
00016471685i[GDBST ] addr 000000000001f880 len 40
00016471685i[GDBST ] stepping
00016471686i[GDBST ] stopped with ac2
00016471686i[GDBST ] addr 000000000001f898 len 4
00016471686i[GDBST ] addr 000000000001f880 len 40
00016471686i[GDBST ] stepping
00016471687i[GDBST ] stopped with ac2
00016471687i[GDBST ] addr 000000000001f898 len 4
00016471687i[GDBST ] addr 000000000001f880 len 40
00016471687i[GDBST ] stepping
00016471688i[GDBST ] stopped with ac2
00016471688i[GDBST ] addr 000000000001f898 len 4
00016471688i[GDBST ] addr 000000000001f880 len 40
00016471688i[GDBST ] stepping
00016471689i[GDBST ] stopped with ac2
00016471689i[GDBST ] addr 000000000001f898 len 4
00016471689i[GDBST ] addr 000000000001f880 len 40
00016471689i[GDBST ] stepping
00016471690i[GDBST ] stopped with ac2
00016471690i[GDBST ] addr 000000000001f898 len 4
00016471690i[GDBST ] addr 000000000001f880 len 40
00016471690i[GDBST ] stepping
00016471691i[GDBST ] stopped with ac2
00016471691i[GDBST ] addr 000000000001f898 len 4
00016471691i[GDBST ] addr 000000000001f880 len 40
00016471691i[GDBST ] stepping
00016471692i[GDBST ] stopped with ac2
00016471692i[GDBST ] addr 000000000001f898 len 4
00016471692i[GDBST ] addr 000000000001f880 len 40
00016471692i[GDBST ] stepping
00016471693i[GDBST ] stopped with ac2
00016471693i[GDBST ] addr 000000000001f898 len 4
00016471693i[GDBST ] addr 000000000001f880 len 40
00016471693i[GDBST ] stepping
00016471694i[GDBST ] stopped with ac2
00016471694i[GDBST ] addr 000000000001f898 len 4
00016471694i[GDBST ] addr 000000000001f880 len 40
00016471694i[GDBST ] stepping
00016471695i[GDBST ] stopped with ac2
00016471695i[GDBST ] addr 000000000001f898 len 4
00016471695i[GDBST ] addr 000000000001f880 len 40
00016471695i[GDBST ] stepping
00016471696i[GDBST ] stopped with ac2
00016471696i[GDBST ] addr 000000000001f898 len 4
00016471696i[GDBST ] addr 000000000001f880 len 40
00016471696i[GDBST ] stepping
00016471697i[GDBST ] stopped with ac2
00016471697i[GDBST ] addr 000000000001f898 len 4
00016471697i[GDBST ] addr 000000000001f880 len 40
00016471697i[GDBST ] stepping
00016471698i[GDBST ] stopped with ac2
00016471698i[GDBST ] addr 000000000001f898 len 4
00016471698i[GDBST ] addr 000000000001f880 len 40
00016471698i[GDBST ] stepping
00016471699i[GDBST ] stopped with ac2
00016471699i[GDBST ] addr 000000000001f898 len 4
00016471699i[GDBST ] addr 000000000001f880 len 40
00016471699i[GDBST ] stepping
00016471700i[GDBST ] stopped with ac2
00016471700i[GDBST ] addr 000000000001f800 len 40
00016471700i[GDBST ] addr 000000000001f898 len 4
00016471700i[GDBST ] addr 000000000001f880 len 40
00016471700i[GDBST ] addr 000000000001a95b len 1
00016471700i[GDBST ] Setting breakpoint at 000000000001a95b
00016471763i[GDBST ] found breakpoint at 000000000001a95b
00016471763i[GDBST ] stopped with ac1
00016471763i[GDBST ] reg 8 set to 000000000001a95b
00016471763i[GDBST ] reg 41 set to 00000000ffffffff
00016471763i[GDBST ] addr 000000000001f898 len 4
00016471763i[GDBST ] addr 000000000001f880 len 40
00016471763i[GDBST ] Removing breakpoint at 000000000001a95b
00016471763i[GDBST ] stepping
00016471764i[GDBST ] stopped with ac2
00016471764i[GDBST ] addr 000000000001f898 len 4
00016471764i[GDBST ] addr 000000000001f880 len 40
00016471764i[GDBST ] Removing breakpoint at 000000000001a760
00016471764i[GDBST ] addr 000000000001f898 len 4
00016471764i[GDBST ] Setting breakpoint at 000000000001a760
00016471764i[GDBST ] stepping
00016471765i[GDBST ] stopped with ac2
00016471765i[GDBST ] addr 000000000001f800 len 40
00016471765i[GDBST ] addr 000000000001f898 len 4
00016471765i[GDBST ] addr 000000000001f880 len 40
00016471765i[GDBST ] addr 0000000000006cc0 len 40
00016471765i[GDBST ] Removing breakpoint at 000000000001a760
00016471765i[GDBST ] addr 0000000000005cb8 len 40
00016471765i[GDBST ] addr 0000000000005cf8 len 40
00016471765i[GDBST ] addr 0000000000005d38 len 40
00016471765i[GDBST ] addr 0000000000005d78 len 40
00016471765i[GDBST ] addr 0000000000005db8 len 40
00016471765i[GDBST ] addr 0000000000005df8 len 40
00016471765i[GDBST ] addr 0000000000005e38 len 40
00016471765i[GDBST ] addr 0000000000005e78 len 40
00016471765i[GDBST ] addr 0000000000005eb8 len 40
00016471765i[GDBST ] addr 0000000000005ef8 len 40
00016471765i[GDBST ] addr 0000000000005f38 len 40
00016471765i[GDBST ] addr 0000000000005f78 len 40
00016471765i[GDBST ] addr 0000000000005fb8 len 40
00016471765i[GDBST ] addr 0000000000005ff8 len 40
00016471765i[GDBST ] addr 0000000000006038 len 40
00016471765i[GDBST ] addr 0000000000006078 len 40
00016471765i[GDBST ] addr 00000000000060b8 len 40
00016471765i[GDBST ] addr 00000000000060f8 len 40
00016471765i[GDBST ] addr 0000000000006138 len 40
00016471765i[GDBST ] addr 0000000000006178 len 40
00016471765i[GDBST ] addr 00000000000061b8 len 40
00016471765i[GDBST ] addr 00000000000061f8 len 40
00016471765i[GDBST ] addr 0000000000006238 len 40
00016471765i[GDBST ] addr 0000000000006278 len 40
00016471765i[GDBST ] addr 00000000000062b8 len 40
00016471765i[GDBST ] addr 00000000000062f8 len 40
00016471765i[GDBST ] addr 0000000000006338 len 40
00016471765i[GDBST ] addr 0000000000006378 len 40
00016471765i[GDBST ] addr 00000000000063b8 len 40
00016471765i[GDBST ] addr 00000000000063f8 len 40
00016471765i[GDBST ] addr 0000000000006438 len 40
00016471765i[GDBST ] addr 0000000000006478 len 40
00016471765i[GDBST ] Setting breakpoint at 000000000001a760
00016471765i[GDBST ] stepping
00016471766i[GDBST ] stopped with ac2
00016471766i[GDBST ] stepping
00016471767i[GDBST ] stopped with ac2
00016471767i[GDBST ] stepping
00016471768i[GDBST ] stopped with ac2
00016471768i[GDBST ] stepping
00016471769i[GDBST ] stopped with ac2
00016471769i[GDBST ] stepping
00016471770i[GDBST ] stopped with ac2
00016471770i[GDBST ] stepping
00016471771i[GDBST ] stopped with ac2
00016471771i[GDBST ] stepping
00016471772i[GDBST ] stopped with ac2
00016471772i[GDBST ] stepping
00016471773i[GDBST ] stopped with ac2
00016471773i[GDBST ] stepping
00016471774i[GDBST ] stopped with ac2
00016471774i[GDBST ] stepping
00016471775i[GDBST ] stopped with ac2
00016471775i[GDBST ] addr 000000000001f800 len 40
00016471775i[GDBST ] Removing breakpoint at 000000000001a760
00016471775i[GDBST ] Setting breakpoint at 000000000001a760
00016471775i[GDBST ] stepping
00016471776i[GDBST ] stopped with ac2
00016471776i[GDBST ] stepping
00016471777i[GDBST ] stopped with ac2
00016471777i[GDBST ] stepping
00016471778i[GDBST ] stopped with ac2
00016471778i[GDBST ] stepping
00016471779i[GDBST ] stopped with ac2
00016471779i[GDBST ] stepping
00016471780i[GDBST ] stopped with ac2
00016471780i[GDBST ] stepping
00016471781i[GDBST ] stopped with ac2
00016471781i[GDBST ] stepping
00016471782i[GDBST ] stopped with ac2
00016471782i[GDBST ] stepping
00016471783i[GDBST ] stopped with ac2
00016471783i[GDBST ] stepping
00016471784i[GDBST ] stopped with ac2
00016471784i[GDBST ] addr 000000000001f800 len 40
00016471784i[GDBST ] Removing breakpoint at 000000000001a760
00016471784i[GDBST ] Setting breakpoint at 000000000001a760
00016471784i[GDBST ] stepping
00016471785i[GDBST ] stopped with ac2
00016471785i[GDBST ] addr 000000000001f800 len 40
00016471785i[GDBST ] stepping
00016471786i[GDBST ] stopped with ac2
00016471786i[GDBST ] addr 000000000001f800 len 40
00016471786i[GDBST ] Removing breakpoint at 000000000001a760
00016471786i[GDBST ] Setting breakpoint at 000000000001a760
00016471786i[GDBST ] stepping
00016471787i[GDBST ] stopped with ac2
00016471787i[GDBST ] addr 000000000001f800 len 40
00016471787i[GDBST ] Removing breakpoint at 000000000001a760
00016471787i[GDBST ] Setting breakpoint at 000000000001a760
00016471787i[GDBST ] stepping
00016471788i[GDBST ] stopped with ac2
00016471788i[GDBST ] stepping
00016471789i[GDBST ] stopped with ac2
00016471789i[GDBST ] addr 000000000001f800 len 40
00016471789i[GDBST ] Removing breakpoint at 000000000001a760
00016471789i[GDBST ] Setting breakpoint at 000000000001a760
00016471789i[GDBST ] stepping
00016471790i[GDBST ] stopped with ac2
00016471790i[GDBST ] stepping
00016471791i[GDBST ] stopped with ac2
00016471791i[GDBST ] addr 000000000001f800 len 40
00016471791i[GDBST ] Removing breakpoint at 000000000001a760
00016471791i[GDBST ] Setting breakpoint at 000000000001a760
00016471791i[GDBST ] stepping
00016471792i[GDBST ] stopped with ac2
00016471792i[GDBST ] addr 000000000001f800 len 40
00016471792i[GDBST ] Removing breakpoint at 000000000001a760
00016471792i[GDBST ] Setting breakpoint at 000000000001a760
00016471792i[GDBST ] stepping
00016471793i[GDBST ] stopped with ac2
00016471793i[GDBST ] stepping
00016471794i[GDBST ] stopped with ac2
00016471794i[GDBST ] stepping
00016471795i[GDBST ] stopped with ac2
00016471795i[GDBST ] stepping
00016471796i[GDBST ] stopped with ac2
00016471796i[GDBST ] stepping
00016471797i[GDBST ] stopped with ac2
00016471797i[GDBST ] stepping
00016471798i[GDBST ] stopped with ac2
00016471798i[GDBST ] stepping
00016471799i[GDBST ] stopped with ac2
00016471799i[GDBST ] stepping
00016471800i[GDBST ] stopped with ac2
00016471800i[GDBST ] stepping
00016471801i[GDBST ] stopped with ac2
00016471801i[GDBST ] stepping
00016471802i[GDBST ] stopped with ac2
00016471802i[GDBST ] stepping
00016471803i[GDBST ] stopped with ac2
00016471803i[GDBST ] stepping
00016471804i[GDBST ] stopped with ac2
00016471804i[GDBST ] stepping
00016471805i[GDBST ] stopped with ac2
00016471805i[GDBST ] stepping
00016471806i[GDBST ] stopped with ac2
00016471806i[GDBST ] stepping
00016471807i[GDBST ] stopped with ac2
00016471807i[GDBST ] stepping
00016471808i[GDBST ] stopped with ac2
00016471808i[GDBST ] stepping
00016471809i[GDBST ] stopped with ac2
00016471809i[GDBST ] stepping
00016471810i[GDBST ] stopped with ac2
00016471810i[GDBST ] stepping
00016471811i[GDBST ] stopped with ac2
00016471811i[GDBST ] stepping
00016471812i[GDBST ] stopped with ac2
00016471812i[GDBST ] stepping
00016471813i[GDBST ] stopped with ac2
00016471813i[GDBST ] stepping
00016471814i[GDBST ] stopped with ac2
00016471814i[GDBST ] stepping
00016471815i[GDBST ] stopped with ac2
00016471815i[GDBST ] stepping
00016471816i[GDBST ] stopped with ac2
00016471816i[GDBST ] stepping
00016471817i[GDBST ] stopped with ac2
00016471817i[GDBST ] stepping
00016471818i[GDBST ] stopped with ac2
00016471818i[GDBST ] stepping
00016471819i[GDBST ] stopped with ac2
00016471819i[GDBST ] stepping
00016471820i[GDBST ] stopped with ac2
00016471820i[GDBST ] stepping
00016471821i[GDBST ] stopped with ac2
00016471821i[GDBST ] stepping
00016471822i[GDBST ] stopped with ac2
00016471822i[GDBST ] stepping
00016471823i[GDBST ] stopped with ac2
00016471823i[GDBST ] stepping
00016471824i[GDBST ] stopped with ac2
00016471824i[GDBST ] stepping
00016471825i[GDBST ] stopped with ac2
00016471825i[GDBST ] stepping
00016471826i[GDBST ] stopped with ac2
00016471826i[GDBST ] stepping
00016471827i[GDBST ] stopped with ac2
00016471827i[GDBST ] stepping
00016471828i[GDBST ] stopped with ac2
00016471828i[GDBST ] stepping
00016471829i[GDBST ] stopped with ac2
00016471829i[GDBST ] stepping
00016471830i[GDBST ] stopped with ac2
00016471830i[GDBST ] stepping
00016471831i[GDBST ] stopped with ac2
00016471831i[GDBST ] stepping
00016471832i[GDBST ] stopped with ac2
00016471832i[GDBST ] stepping
00016471833i[GDBST ] stopped with ac2
00016471833i[GDBST ] stepping
00016471834i[GDBST ] stopped with ac2
00016471834i[GDBST ] stepping
00016471835i[GDBST ] stopped with ac2
00016471835i[GDBST ] stepping
00016471836i[GDBST ] stopped with ac2
00016471836i[GDBST ] stepping
00016471837i[GDBST ] stopped with ac2
00016471837i[GDBST ] stepping
00016471838i[GDBST ] stopped with ac2
00016471838i[GDBST ] stepping
00016471839i[GDBST ] stopped with ac2
00016471839i[GDBST ] stepping
00016471840i[GDBST ] stopped with ac2
00016471840i[GDBST ] stepping
00016471841i[GDBST ] stopped with ac2
00016471841i[GDBST ] stepping
00016471842i[GDBST ] stopped with ac2
00016471842i[GDBST ] stepping
00016471843i[GDBST ] stopped with ac2
00016471843i[GDBST ] stepping
00016471844i[GDBST ] stopped with ac2
00016471844i[GDBST ] stepping
00016471845i[GDBST ] stopped with ac2
00016471845i[GDBST ] stepping
00016471846i[GDBST ] stopped with ac2
00016471846i[GDBST ] stepping
00016471847i[GDBST ] stopped with ac2
00016471847i[GDBST ] stepping
00016471848i[GDBST ] stopped with ac2
00016471848i[GDBST ] stepping
00016471849i[GDBST ] stopped with ac2
00016471849i[GDBST ] stepping
00016471850i[GDBST ] stopped with ac2
00016471850i[GDBST ] stepping
00016471851i[GDBST ] stopped with ac2
00016471851i[GDBST ] stepping
00016471852i[GDBST ] stopped with ac2
00016471852i[GDBST ] stepping
00016471853i[GDBST ] stopped with ac2
00016471853i[GDBST ] stepping
00016471854i[GDBST ] stopped with ac2
00016471854i[GDBST ] stepping
00016471855i[GDBST ] stopped with ac2
00016471855i[GDBST ] stepping
00016471856i[GDBST ] stopped with ac2
00016471856i[GDBST ] stepping
00016471857i[GDBST ] stopped with ac2
00016471857i[GDBST ] stepping
00016471858i[GDBST ] stopped with ac2
00016471858i[GDBST ] stepping
00016471859i[GDBST ] stopped with ac2
00016471859i[GDBST ] stepping
00016471860i[GDBST ] stopped with ac2
00016471860i[GDBST ] stepping
00016471861i[GDBST ] stopped with ac2
00016471861i[GDBST ] stepping
00016471862i[GDBST ] stopped with ac2
00016471862i[GDBST ] stepping
00016471863i[GDBST ] stopped with ac2
00016471863i[GDBST ] stepping
00016471864i[GDBST ] stopped with ac2
00016471864i[GDBST ] stepping
00016471865i[GDBST ] stopped with ac2
00016471865i[GDBST ] stepping
00016471866i[GDBST ] stopped with ac2
00016471866i[GDBST ] stepping
00016471867i[GDBST ] stopped with ac2
00016471867i[GDBST ] stepping
00016471868i[GDBST ] stopped with ac2
00016471868i[GDBST ] stepping
00016471869i[GDBST ] stopped with ac2
00016471869i[GDBST ] stepping
00016471870i[GDBST ] stopped with ac2
00016471870i[GDBST ] stepping
00016471871i[GDBST ] stopped with ac2
00016471871i[GDBST ] stepping
00016471872i[GDBST ] stopped with ac2
00016471872i[GDBST ] stepping
00016471873i[GDBST ] stopped with ac2
00016471873i[GDBST ] stepping
00016471874i[GDBST ] stopped with ac2
00016471874i[GDBST ] stepping
00016471875i[GDBST ] stopped with ac2
00016471875i[GDBST ] stepping
00016471876i[GDBST ] stopped with ac2
00016471876i[GDBST ] stepping
00016471877i[GDBST ] stopped with ac2
00016471877i[GDBST ] stepping
00016471878i[GDBST ] stopped with ac2
00016471878i[GDBST ] stepping
00016471879i[GDBST ] stopped with ac2
00016471879i[GDBST ] stepping
00016471880i[GDBST ] stopped with ac2
00016471880i[GDBST ] stepping
00016471881i[GDBST ] stopped with ac2
00016471881i[GDBST ] stepping
00016471882i[GDBST ] stopped with ac2
00016471882i[GDBST ] stepping
00016471883i[GDBST ] stopped with ac2
00016471883i[GDBST ] stepping
00016471884i[GDBST ] stopped with ac2
00016471884i[GDBST ] stepping
00016471885i[GDBST ] stopped with ac2
00016471885i[GDBST ] stepping
00016471886i[GDBST ] stopped with ac2
00016471886i[GDBST ] stepping
00016471887i[GDBST ] stopped with ac2
00016471887i[GDBST ] stepping
00016471888i[GDBST ] stopped with ac2
00016471888i[GDBST ] stepping
00016471889i[GDBST ] stopped with ac2
00016471889i[GDBST ] stepping
00016471890i[GDBST ] stopped with ac2
00016471890i[GDBST ] stepping
00016471891i[GDBST ] stopped with ac2
00016471891i[GDBST ] stepping
00016471892i[GDBST ] stopped with ac2
00016471892i[GDBST ] stepping
00016471893i[GDBST ] stopped with ac2
00016471893i[GDBST ] stepping
00016471894i[GDBST ] stopped with ac2
00016471894i[GDBST ] stepping
00016471895i[GDBST ] stopped with ac2
00016471895i[GDBST ] stepping
00016471896i[GDBST ] stopped with ac2
00016471896i[GDBST ] stepping
00016471897i[GDBST ] stopped with ac2
00016471897i[GDBST ] stepping
00016471898i[GDBST ] stopped with ac2
00016471898i[GDBST ] stepping
00016471899i[GDBST ] stopped with ac2
00016471899i[GDBST ] stepping
00016471900i[GDBST ] stopped with ac2
00016471900i[GDBST ] stepping
00016471901i[GDBST ] stopped with ac2
00016471901i[GDBST ] stepping
00016471902i[GDBST ] stopped with ac2
00016471902i[GDBST ] stepping
00016471903i[GDBST ] stopped with ac2
00016471903i[GDBST ] stepping
00016471904i[GDBST ] stopped with ac2
00016471904i[GDBST ] stepping
00016471905i[GDBST ] stopped with ac2
00016471905i[GDBST ] stepping
00016471906i[GDBST ] stopped with ac2
00016471906i[GDBST ] stepping
00016471907i[GDBST ] stopped with ac2
00016471907i[GDBST ] stepping
00016471908i[GDBST ] stopped with ac2
00016471908i[GDBST ] stepping
00016471909i[GDBST ] stopped with ac2
00016471909i[GDBST ] stepping
00016471910i[GDBST ] stopped with ac2
00016471910i[GDBST ] stepping
00016471911i[GDBST ] stopped with ac2
00016471911i[GDBST ] stepping
00016471912i[GDBST ] stopped with ac2
00016471912i[GDBST ] stepping
00016471913i[GDBST ] stopped with ac2
00016471913i[GDBST ] stepping
00016471914i[GDBST ] stopped with ac2
00016471914i[GDBST ] stepping
00016471915i[GDBST ] stopped with ac2
00016471915i[GDBST ] stepping
00016471916i[GDBST ] stopped with ac2
00016471916i[GDBST ] stepping
00016471917i[GDBST ] stopped with ac2
00016471917i[GDBST ] stepping
00016471918i[GDBST ] stopped with ac2
00016471918i[GDBST ] stepping
00016471919i[GDBST ] stopped with ac2
00016471919i[GDBST ] stepping
00016471920i[GDBST ] stopped with ac2
00016471920i[GDBST ] stepping
00016471921i[GDBST ] stopped with ac2
00016471921i[GDBST ] stepping
00016471922i[GDBST ] stopped with ac2
00016471922i[GDBST ] stepping
00016471923i[GDBST ] stopped with ac2
00016471923i[GDBST ] stepping
00016471924i[GDBST ] stopped with ac2
00016471924i[GDBST ] stepping
00016471925i[GDBST ] stopped with ac2
00016471925i[GDBST ] stepping
00016471926i[GDBST ] stopped with ac2
00016471926i[GDBST ] stepping
00016471927i[GDBST ] stopped with ac2
00016471927i[GDBST ] stepping
00016471928i[GDBST ] stopped with ac2
00016471928i[GDBST ] stepping
00016471929i[GDBST ] stopped with ac2
00016471929i[GDBST ] stepping
00016471930i[GDBST ] stopped with ac2
00016471930i[GDBST ] stepping
00016471931i[GDBST ] stopped with ac2
00016471931i[GDBST ] stepping
00016471932i[GDBST ] stopped with ac2
00016471932i[GDBST ] stepping
00016471933i[GDBST ] stopped with ac2
00016471933i[GDBST ] stepping
00016471934i[GDBST ] stopped with ac2
00016471934i[GDBST ] stepping
00016471935i[GDBST ] stopped with ac2
00016471935i[GDBST ] stepping
00016471936i[GDBST ] stopped with ac2
00016471936i[GDBST ] stepping
00016471937i[GDBST ] stopped with ac2
00016471937i[GDBST ] stepping
00016471938i[GDBST ] stopped with ac2
00016471938i[GDBST ] stepping
00016471939i[GDBST ] stopped with ac2
00016471939i[GDBST ] stepping
00016471940i[GDBST ] stopped with ac2
00016471940i[GDBST ] stepping
00016471941i[GDBST ] stopped with ac2
00016471941i[GDBST ] stepping
00016471942i[GDBST ] stopped with ac2
00016471942i[GDBST ] stepping
00016471943i[GDBST ] stopped with ac2
00016471943i[GDBST ] stepping
00016471944i[GDBST ] stopped with ac2
00016471944i[GDBST ] stepping
00016471945i[GDBST ] stopped with ac2
00016471945i[GDBST ] stepping
00016471946i[GDBST ] stopped with ac2
00016471946i[GDBST ] stepping
00016471947i[GDBST ] stopped with ac2
00016471947i[GDBST ] stepping
00016471948i[GDBST ] stopped with ac2
00016471948i[GDBST ] stepping
00016471949i[GDBST ] stopped with ac2
00016471949i[GDBST ] stepping
00016471950i[GDBST ] stopped with ac2
00016471950i[GDBST ] stepping
00016471951i[GDBST ] stopped with ac2
00016471951i[GDBST ] stepping
00016471952i[GDBST ] stopped with ac2
00016471952i[GDBST ] stepping
00016471953i[GDBST ] stopped with ac2
00016471953i[GDBST ] stepping
00016471954i[GDBST ] stopped with ac2
00016471954i[GDBST ] stepping
00016471955i[GDBST ] stopped with ac2
00016471955i[GDBST ] stepping
00016471956i[GDBST ] stopped with ac2
00016471956i[GDBST ] stepping
00016471957i[GDBST ] stopped with ac2
00016471957i[GDBST ] stepping
00016471958i[GDBST ] stopped with ac2
00016471958i[GDBST ] stepping
00016471959i[GDBST ] stopped with ac2
00016471959i[GDBST ] stepping
00016471960i[GDBST ] stopped with ac2
00016471960i[GDBST ] stepping
00016471961i[GDBST ] stopped with ac2
00016471961i[GDBST ] stepping
00016471962i[GDBST ] stopped with ac2
00016471962i[GDBST ] stepping
00016471963i[GDBST ] stopped with ac2
00016471963i[GDBST ] stepping
00016471964i[GDBST ] stopped with ac2
00016471964i[GDBST ] stepping
00016471965i[GDBST ] stopped with ac2
00016471965i[GDBST ] stepping
00016471966i[GDBST ] stopped with ac2
00016471966i[GDBST ] stepping
00016471967i[GDBST ] stopped with ac2
00016471967i[GDBST ] stepping
00016471968i[GDBST ] stopped with ac2
00016471968i[GDBST ] stepping
00016471969i[GDBST ] stopped with ac2
00016471969i[GDBST ] stepping
00016471970i[GDBST ] stopped with ac2
00016471970i[GDBST ] stepping
00016471971i[GDBST ] stopped with ac2
00016471971i[GDBST ] stepping
00016471972i[GDBST ] stopped with ac2
00016471972i[GDBST ] stepping
00016471973i[GDBST ] stopped with ac2
00016471973i[GDBST ] stepping
00016471974i[GDBST ] stopped with ac2
00016471974i[GDBST ] stepping
00016471975i[GDBST ] stopped with ac2
00016471975i[GDBST ] stepping
00016471976i[GDBST ] stopped with ac2
00016471976i[GDBST ] stepping
00016471977i[GDBST ] stopped with ac2
00016471977i[GDBST ] stepping
00016471978i[GDBST ] stopped with ac2
00016471978i[GDBST ] stepping
00016471979i[GDBST ] stopped with ac2
00016471979i[GDBST ] stepping
00016471980i[GDBST ] stopped with ac2
00016471980i[GDBST ] stepping
00016471981i[GDBST ] stopped with ac2
00016471981i[GDBST ] stepping
00016471982i[GDBST ] stopped with ac2
00016471982i[GDBST ] stepping
00016471983i[GDBST ] stopped with ac2
00016471983i[GDBST ] stepping
00016471984i[GDBST ] stopped with ac2
00016471984i[GDBST ] stepping
00016471985i[GDBST ] stopped with ac2
00016471985i[GDBST ] stepping
00016471986i[GDBST ] stopped with ac2
00016471986i[GDBST ] stepping
00016471987i[GDBST ] stopped with ac2
00016471987i[GDBST ] stepping
00016471988i[GDBST ] stopped with ac2
00016471988i[GDBST ] stepping
00016471989i[GDBST ] stopped with ac2
00016471989i[GDBST ] stepping
00016471990i[GDBST ] stopped with ac2
00016471990i[GDBST ] stepping
00016471991i[GDBST ] stopped with ac2
00016471991i[GDBST ] stepping
00016471992i[GDBST ] stopped with ac2
00016471992i[GDBST ] stepping
00016471993i[GDBST ] stopped with ac2
00016471993i[GDBST ] stepping
00016471994i[GDBST ] stopped with ac2
00016471994i[GDBST ] stepping
00016471995i[GDBST ] stopped with ac2
00016471995i[GDBST ] stepping
00016471996i[GDBST ] stopped with ac2
00016471996i[GDBST ] stepping
00016471997i[GDBST ] stopped with ac2
00016471997i[GDBST ] stepping
00016471998i[GDBST ] stopped with ac2
00016471998i[GDBST ] stepping
00016471999i[GDBST ] stopped with ac2
00016471999i[GDBST ] stepping
00016472000i[GDBST ] stopped with ac2
00016472000i[GDBST ] stepping
00016472001i[GDBST ] stopped with ac2
00016472001i[GDBST ] stepping
00016472002i[GDBST ] stopped with ac2
00016472002i[GDBST ] stepping
00016472003i[GDBST ] stopped with ac2
00016472003i[GDBST ] stepping
00016472004i[GDBST ] stopped with ac2
00016472004i[GDBST ] stepping
00016472005i[GDBST ] stopped with ac2
00016472005i[GDBST ] stepping
00016472006i[GDBST ] stopped with ac2
00016472006i[GDBST ] stepping
00016472007i[GDBST ] stopped with ac2
00016472007i[GDBST ] stepping
00016472008i[GDBST ] stopped with ac2
00016472008i[GDBST ] stepping
00016472009i[GDBST ] stopped with ac2
00016472009i[GDBST ] stepping
00016472010i[GDBST ] stopped with ac2
00016472010i[GDBST ] stepping
00016472011i[GDBST ] stopped with ac2
00016472011i[GDBST ] stepping
00016472012i[GDBST ] stopped with ac2
00016472012i[GDBST ] stepping
00016472013i[GDBST ] stopped with ac2
00016472013i[GDBST ] stepping
00016472014i[GDBST ] stopped with ac2
00016472014i[GDBST ] stepping
00016472015i[GDBST ] stopped with ac2
00016472015i[GDBST ] stepping
00016472016i[GDBST ] stopped with ac2
00016472016i[GDBST ] stepping
00016472017i[GDBST ] stopped with ac2
00016472017i[GDBST ] stepping
00016472018i[GDBST ] stopped with ac2
00016472018i[GDBST ] stepping
00016472019i[GDBST ] stopped with ac2
00016472019i[GDBST ] stepping
00016472020i[GDBST ] stopped with ac2
00016472020i[GDBST ] stepping
00016472021i[GDBST ] stopped with ac2
00016472021i[GDBST ] stepping
00016472022i[GDBST ] stopped with ac2
00016472022i[GDBST ] stepping
00016472023i[GDBST ] stopped with ac2
00016472023i[GDBST ] stepping
00016472024i[GDBST ] stopped with ac2
00016472024i[GDBST ] stepping
00016472025i[GDBST ] stopped with ac2
00016472025i[GDBST ] stepping
00016472026i[GDBST ] stopped with ac2
00016472026i[GDBST ] stepping
00016472027i[GDBST ] stopped with ac2
00016472027i[GDBST ] stepping
00016472028i[GDBST ] stopped with ac2
00016472028i[GDBST ] stepping
00016472029i[GDBST ] stopped with ac2
00016472029i[GDBST ] stepping
00016472030i[GDBST ] stopped with ac2
00016472030i[GDBST ] stepping
00016472031i[GDBST ] stopped with ac2
00016472031i[GDBST ] stepping
00016472032i[GDBST ] stopped with ac2
00016472032i[GDBST ] stepping
00016472033i[GDBST ] stopped with ac2
00016472033i[GDBST ] stepping
00016472034i[GDBST ] stopped with ac2
00016472034i[GDBST ] stepping
00016472035i[GDBST ] stopped with ac2
00016472035i[GDBST ] stepping
00016472036i[GDBST ] stopped with ac2
00016472036i[GDBST ] stepping
00016472037i[GDBST ] stopped with ac2
00016472037i[GDBST ] stepping
00016472038i[GDBST ] stopped with ac2
00016472038i[GDBST ] stepping
00016472039i[GDBST ] stopped with ac2
00016472039i[GDBST ] stepping
00016472040i[GDBST ] stopped with ac2
00016472040i[GDBST ] stepping
00016472041i[GDBST ] stopped with ac2
00016472041i[GDBST ] stepping
00016472042i[GDBST ] stopped with ac2
00016472042i[GDBST ] stepping
00016472043i[GDBST ] stopped with ac2
00016472043i[GDBST ] stepping
00016472044i[GDBST ] stopped with ac2
00016472044i[GDBST ] stepping
00016472045i[GDBST ] stopped with ac2
00016472045i[GDBST ] stepping
00016472046i[GDBST ] stopped with ac2
00016472046i[GDBST ] stepping
00016472047i[GDBST ] stopped with ac2
00016472047i[GDBST ] stepping
00016472048i[GDBST ] stopped with ac2
00016472048i[GDBST ] stepping
00016472049i[GDBST ] stopped with ac2
00016472049i[GDBST ] stepping
00016472050i[GDBST ] stopped with ac2
00016472050i[GDBST ] stepping
00016472051i[GDBST ] stopped with ac2
00016472051i[GDBST ] stepping
00016472052i[GDBST ] stopped with ac2
00016472052i[GDBST ] stepping
00016472053i[GDBST ] stopped with ac2
00016472053i[GDBST ] stepping
00016472054i[GDBST ] stopped with ac2
00016472054i[GDBST ] stepping
00016472055i[GDBST ] stopped with ac2
00016472055i[GDBST ] stepping
00016472056i[GDBST ] stopped with ac2
00016472056i[GDBST ] stepping
00016472057i[GDBST ] stopped with ac2
00016472057i[GDBST ] stepping
00016472058i[GDBST ] stopped with ac2
00016472058i[GDBST ] stepping
00016472059i[GDBST ] stopped with ac2
00016472059i[GDBST ] stepping
00016472060i[GDBST ] stopped with ac2
00016472060i[GDBST ] stepping
00016472061i[GDBST ] stopped with ac2
00016472061i[GDBST ] stepping
00016472062i[GDBST ] stopped with ac2
00016472062i[GDBST ] stepping
00016472063i[GDBST ] stopped with ac2
00016472063i[GDBST ] stepping
00016472064i[GDBST ] stopped with ac2
00016472064i[GDBST ] stepping
00016472065i[GDBST ] stopped with ac2
00016472065i[GDBST ] stepping
00016472066i[GDBST ] stopped with ac2
00016472066i[GDBST ] stepping
00016472067i[GDBST ] stopped with ac2
00016472067i[GDBST ] stepping
00016472068i[GDBST ] stopped with ac2
00016472068i[GDBST ] stepping
00016472069i[GDBST ] stopped with ac2
00016472069i[GDBST ] stepping
00016472070i[GDBST ] stopped with ac2
00016472070i[GDBST ] stepping
00016472071i[GDBST ] stopped with ac2
00016472071i[GDBST ] stepping
00016472072i[GDBST ] stopped with ac2
00016472072i[GDBST ] stepping
00016472073i[GDBST ] stopped with ac2
00016472073i[GDBST ] stepping
00016472074i[GDBST ] stopped with ac2
00016472074i[GDBST ] stepping
00016472075i[GDBST ] stopped with ac2
00016472075i[GDBST ] stepping
00016472076i[GDBST ] stopped with ac2
00016472076i[GDBST ] stepping
00016472077i[GDBST ] stopped with ac2
00016472077i[GDBST ] stepping
00016472078i[GDBST ] stopped with ac2
00016472078i[GDBST ] stepping
00016472079i[GDBST ] stopped with ac2
00016472079i[GDBST ] stepping
00016472080i[GDBST ] stopped with ac2
00016472080i[GDBST ] stepping
00016472081i[GDBST ] stopped with ac2
00016472081i[GDBST ] stepping
00016472082i[GDBST ] stopped with ac2
00016472082i[GDBST ] stepping
00016472083i[GDBST ] stopped with ac2
00016472083i[GDBST ] stepping
00016472084i[GDBST ] stopped with ac2
00016472084i[GDBST ] stepping
00016472085i[GDBST ] stopped with ac2
00016472085i[GDBST ] stepping
00016472086i[GDBST ] stopped with ac2
00016472086i[GDBST ] stepping
00016472087i[GDBST ] stopped with ac2
00016472087i[GDBST ] stepping
00016472088i[GDBST ] stopped with ac2
00016472088i[GDBST ] stepping
00016472089i[GDBST ] stopped with ac2
00016472089i[GDBST ] stepping
00016472090i[GDBST ] stopped with ac2
00016472090i[GDBST ] stepping
00016472091i[GDBST ] stopped with ac2
00016472091i[GDBST ] stepping
00016472092i[GDBST ] stopped with ac2
00016472092i[GDBST ] stepping
00016472093i[GDBST ] stopped with ac2
00016472093i[GDBST ] stepping
00016472094i[GDBST ] stopped with ac2
00016472094i[GDBST ] stepping
00016472095i[GDBST ] stopped with ac2
00016472095i[GDBST ] stepping
00016472096i[GDBST ] stopped with ac2
00016472096i[GDBST ] stepping
00016472097i[GDBST ] stopped with ac2
00016472097i[GDBST ] stepping
00016472098i[GDBST ] stopped with ac2
00016472098i[GDBST ] stepping
00016472099i[GDBST ] stopped with ac2
00016472099i[GDBST ] stepping
00016472100i[GDBST ] stopped with ac2
00016472100i[GDBST ] stepping
00016472101i[GDBST ] stopped with ac2
00016472101i[GDBST ] stepping
00016472102i[GDBST ] stopped with ac2
00016472102i[GDBST ] stepping
00016472103i[GDBST ] stopped with ac2
00016472103i[GDBST ] stepping
00016472104i[GDBST ] stopped with ac2
00016472104i[GDBST ] stepping
00016472105i[GDBST ] stopped with ac2
00016472105i[GDBST ] stepping
00016472106i[GDBST ] stopped with ac2
00016472106i[GDBST ] stepping
00016472107i[GDBST ] stopped with ac2
00016472107i[GDBST ] stepping
00016472108i[GDBST ] stopped with ac2
00016472108i[GDBST ] stepping
00016472109i[GDBST ] stopped with ac2
00016472109i[GDBST ] stepping
00016472110i[GDBST ] stopped with ac2
00016472110i[GDBST ] stepping
00016472111i[GDBST ] stopped with ac2
00016472111i[GDBST ] stepping
00016472112i[GDBST ] stopped with ac2
00016472112i[GDBST ] stepping
00016472113i[GDBST ] stopped with ac2
00016472113i[GDBST ] stepping
00016472114i[GDBST ] stopped with ac2
00016472114i[GDBST ] stepping
00016472115i[GDBST ] stopped with ac2
00016472115i[GDBST ] stepping
00016472116i[GDBST ] stopped with ac2
00016472116i[GDBST ] stepping
00016472117i[GDBST ] stopped with ac2
00016472117i[GDBST ] stepping
00016472118i[GDBST ] stopped with ac2
00016472118i[GDBST ] stepping
00016472119i[GDBST ] stopped with ac2
00016472119i[GDBST ] stepping
00016472120i[GDBST ] stopped with ac2
00016472120i[GDBST ] stepping
00016472121i[GDBST ] stopped with ac2
00016472121i[GDBST ] stepping
00016472122i[GDBST ] stopped with ac2
00016472122i[GDBST ] stepping
00016472123i[GDBST ] stopped with ac2
00016472123i[GDBST ] stepping
00016472124i[GDBST ] stopped with ac2
00016472124i[GDBST ] stepping
00016472125i[GDBST ] stopped with ac2
00016472125i[GDBST ] stepping
00016472126i[GDBST ] stopped with ac2
00016472126i[GDBST ] stepping
00016472127i[GDBST ] stopped with ac2
00016472127i[GDBST ] stepping
00016472128i[GDBST ] stopped with ac2
00016472128i[GDBST ] stepping
00016472129i[GDBST ] stopped with ac2
00016472129i[GDBST ] stepping
00016472130i[GDBST ] stopped with ac2
00016472130i[GDBST ] stepping
00016472131i[GDBST ] stopped with ac2
00016472131i[GDBST ] stepping
00016472132i[GDBST ] stopped with ac2
00016472132i[GDBST ] stepping
00016472133i[GDBST ] stopped with ac2
00016472133i[GDBST ] stepping
00016472134i[GDBST ] stopped with ac2
00016472134i[GDBST ] stepping
00016472135i[GDBST ] stopped with ac2
00016472135i[GDBST ] stepping
00016472136i[GDBST ] stopped with ac2
00016472136i[GDBST ] stepping
00016472137i[GDBST ] stopped with ac2
00016472137i[GDBST ] stepping
00016472138i[GDBST ] stopped with ac2
00016472138i[GDBST ] stepping
00016472139i[GDBST ] stopped with ac2
00016472139i[GDBST ] stepping
00016472140i[GDBST ] stopped with ac2
00016472140i[GDBST ] stepping
00016472141i[GDBST ] stopped with ac2
00016472141i[GDBST ] stepping
00016472142i[GDBST ] stopped with ac2
00016472142i[GDBST ] stepping
00016472143i[GDBST ] stopped with ac2
00016472143i[GDBST ] stepping
00016472144i[GDBST ] stopped with ac2
00016472144i[GDBST ] stepping
00016472145i[GDBST ] stopped with ac2
00016472145i[GDBST ] stepping
00016472146i[GDBST ] stopped with ac2
00016472146i[GDBST ] stepping
00016472147i[GDBST ] stopped with ac2
00016472147i[GDBST ] stepping
00016472148i[GDBST ] stopped with ac2
00016472148i[GDBST ] stepping
00016472149i[GDBST ] stopped with ac2
00016472149i[GDBST ] stepping
00016472150i[GDBST ] stopped with ac2
00016472150i[GDBST ] stepping
00016472151i[GDBST ] stopped with ac2
00016472151i[GDBST ] stepping
00016472152i[GDBST ] stopped with ac2
00016472152i[GDBST ] stepping
00016472153i[GDBST ] stopped with ac2
00016472153i[GDBST ] stepping
00016472154i[GDBST ] stopped with ac2
00016472154i[GDBST ] stepping
00016472155i[GDBST ] stopped with ac2
00016472155i[GDBST ] stepping
00016472156i[GDBST ] stopped with ac2
00016472156i[GDBST ] stepping
00016472157i[GDBST ] stopped with ac2
00016472157i[GDBST ] stepping
00016472158i[GDBST ] stopped with ac2
00016472158i[GDBST ] stepping
00016472159i[GDBST ] stopped with ac2
00016472159i[GDBST ] stepping
00016472160i[GDBST ] stopped with ac2
00016472160i[GDBST ] stepping
00016472161i[GDBST ] stopped with ac2
00016472161i[GDBST ] stepping
00016472162i[GDBST ] stopped with ac2
00016472162i[GDBST ] stepping
00016472163i[GDBST ] stopped with ac2
00016472163i[GDBST ] stepping
00016472164i[GDBST ] stopped with ac2
00016472164i[GDBST ] stepping
00016472165i[GDBST ] stopped with ac2
00016472165i[GDBST ] stepping
00016472166i[GDBST ] stopped with ac2
00016472166i[GDBST ] stepping
00016472167i[GDBST ] stopped with ac2
00016472167i[GDBST ] stepping
00016472168i[GDBST ] stopped with ac2
00016472168i[GDBST ] stepping
00016472169i[GDBST ] stopped with ac2
00016472169i[GDBST ] stepping
00016472170i[GDBST ] stopped with ac2
00016472170i[GDBST ] stepping
00016472171i[GDBST ] stopped with ac2
00016472171i[GDBST ] stepping
00016472172i[GDBST ] stopped with ac2
00016472172i[GDBST ] stepping
00016472173i[GDBST ] stopped with ac2
00016472173i[GDBST ] stepping
00016472174i[GDBST ] stopped with ac2
00016472174i[GDBST ] stepping
00016472175i[GDBST ] stopped with ac2
00016472175i[GDBST ] stepping
00016472176i[GDBST ] stopped with ac2
00016472176i[GDBST ] stepping
00016472177i[GDBST ] stopped with ac2
00016472177i[GDBST ] stepping
00016472178i[GDBST ] stopped with ac2
00016472178i[GDBST ] stepping
00016472179i[GDBST ] stopped with ac2
00016472179i[GDBST ] stepping
00016472180i[GDBST ] stopped with ac2
00016472180i[GDBST ] stepping
00016472181i[GDBST ] stopped with ac2
00016472181i[GDBST ] stepping
00016472182i[GDBST ] stopped with ac2
00016472182i[GDBST ] stepping
00016472183i[GDBST ] stopped with ac2
00016472183i[GDBST ] stepping
00016472184i[GDBST ] stopped with ac2
00016472184i[GDBST ] stepping
00016472185i[GDBST ] stopped with ac2
00016472185i[GDBST ] stepping
00016472186i[GDBST ] stopped with ac2
00016472186i[GDBST ] stepping
00016472187i[GDBST ] stopped with ac2
00016472187i[GDBST ] stepping
00016472188i[GDBST ] stopped with ac2
00016472188i[GDBST ] stepping
00016472189i[GDBST ] stopped with ac2
00016472189i[GDBST ] stepping
00016472190i[GDBST ] stopped with ac2
00016472190i[GDBST ] stepping
00016472191i[GDBST ] stopped with ac2
00016472191i[GDBST ] stepping
00016472192i[GDBST ] stopped with ac2
00016472192i[GDBST ] stepping
00016472193i[GDBST ] stopped with ac2
00016472193i[GDBST ] stepping
00016472194i[GDBST ] stopped with ac2
00016472194i[GDBST ] stepping
00016472195i[GDBST ] stopped with ac2
00016472195i[GDBST ] stepping
00016472196i[GDBST ] stopped with ac2
00016472196i[GDBST ] stepping
00016472197i[GDBST ] stopped with ac2
00016472197i[GDBST ] stepping
00016472198i[GDBST ] stopped with ac2
00016472198i[GDBST ] stepping
00016472199i[GDBST ] stopped with ac2
00016472199i[GDBST ] stepping
00016472200i[GDBST ] stopped with ac2
00016472200i[GDBST ] stepping
00016472201i[GDBST ] stopped with ac2
00016472201i[GDBST ] stepping
00016472202i[GDBST ] stopped with ac2
00016472202i[GDBST ] stepping
00016472203i[GDBST ] stopped with ac2
00016472203i[GDBST ] stepping
00016472204i[GDBST ] stopped with ac2
00016472204i[GDBST ] stepping
00016472205i[GDBST ] stopped with ac2
00016472205i[GDBST ] stepping
00016472206i[GDBST ] stopped with ac2
00016472206i[GDBST ] stepping
00016472207i[GDBST ] stopped with ac2
00016472207i[GDBST ] stepping
00016472208i[GDBST ] stopped with ac2
00016472208i[GDBST ] stepping
00016472209i[GDBST ] stopped with ac2
00016472209i[GDBST ] stepping
00016472210i[GDBST ] stopped with ac2
00016472210i[GDBST ] stepping
00016472211i[GDBST ] stopped with ac2
00016472211i[GDBST ] stepping
00016472212i[GDBST ] stopped with ac2
00016472212i[GDBST ] stepping
00016472213i[GDBST ] stopped with ac2
00016472213i[GDBST ] stepping
00016472214i[GDBST ] stopped with ac2
00016472214i[GDBST ] stepping
00016472215i[GDBST ] stopped with ac2
00016472215i[GDBST ] stepping
00016472216i[GDBST ] stopped with ac2
00016472216i[GDBST ] stepping
00016472217i[GDBST ] stopped with ac2
00016472217i[GDBST ] stepping
00016472218i[GDBST ] stopped with ac2
00016472218i[GDBST ] stepping
00016472219i[GDBST ] stopped with ac2
00016472219i[GDBST ] stepping
00016472220i[GDBST ] stopped with ac2
00016472220i[GDBST ] stepping
00016472221i[GDBST ] stopped with ac2
00016472221i[GDBST ] stepping
00016472222i[GDBST ] stopped with ac2
00016472222i[GDBST ] stepping
00016472223i[GDBST ] stopped with ac2
00016472223i[GDBST ] stepping
00016472224i[GDBST ] stopped with ac2
00016472224i[GDBST ] stepping
00016472225i[GDBST ] stopped with ac2
00016472225i[GDBST ] stepping
00016472226i[GDBST ] stopped with ac2
00016472226i[GDBST ] stepping
00016472227i[GDBST ] stopped with ac2
00016472227i[GDBST ] stepping
00016472228i[GDBST ] stopped with ac2
00016472228i[GDBST ] stepping
00016472229i[GDBST ] stopped with ac2
00016472229i[GDBST ] stepping
00016472230i[GDBST ] stopped with ac2
00016472230i[GDBST ] stepping
00016472231i[GDBST ] stopped with ac2
00016472231i[GDBST ] stepping
00016472232i[GDBST ] stopped with ac2
00016472232i[GDBST ] stepping
00016472233i[GDBST ] stopped with ac2
00016472233i[GDBST ] stepping
00016472234i[GDBST ] stopped with ac2
00016472234i[GDBST ] stepping
00016472235i[GDBST ] stopped with ac2
00016472235i[GDBST ] stepping
00016472236i[GDBST ] stopped with ac2
00016472236i[GDBST ] stepping
00016472237i[GDBST ] stopped with ac2
00016472237i[GDBST ] stepping
00016472238i[GDBST ] stopped with ac2
00016472238i[GDBST ] stepping
00016472239i[GDBST ] stopped with ac2
00016472239i[GDBST ] stepping
00016472240i[GDBST ] stopped with ac2
00016472240i[GDBST ] stepping
00016472241i[GDBST ] stopped with ac2
00016472241i[GDBST ] stepping
00016472242i[GDBST ] stopped with ac2
00016472242i[GDBST ] stepping
00016472243i[GDBST ] stopped with ac2
00016472243i[GDBST ] stepping
00016472244i[GDBST ] stopped with ac2
00016472244i[GDBST ] stepping
00016472245i[GDBST ] stopped with ac2
00016472245i[GDBST ] stepping
00016472246i[GDBST ] stopped with ac2
00016472246i[GDBST ] stepping
00016472247i[GDBST ] stopped with ac2
00016472247i[GDBST ] stepping
00016472248i[GDBST ] stopped with ac2
00016472248i[GDBST ] stepping
00016472249i[GDBST ] stopped with ac2
00016472249i[GDBST ] stepping
00016472250i[GDBST ] stopped with ac2
00016472250i[GDBST ] stepping
00016472251i[GDBST ] stopped with ac2
00016472251i[GDBST ] stepping
00016472252i[GDBST ] stopped with ac2
00016472252i[GDBST ] stepping
00016472253i[GDBST ] stopped with ac2
00016472253i[GDBST ] stepping
00016472254i[GDBST ] stopped with ac2
00016472254i[GDBST ] stepping
00016472255i[GDBST ] stopped with ac2
00016472255i[GDBST ] stepping
00016472256i[GDBST ] stopped with ac2
00016472256i[GDBST ] stepping
00016472257i[GDBST ] stopped with ac2
00016472257i[GDBST ] stepping
00016472258i[GDBST ] stopped with ac2
00016472258i[GDBST ] stepping
00016472259i[GDBST ] stopped with ac2
00016472259i[GDBST ] stepping
00016472260i[GDBST ] stopped with ac2
00016472260i[GDBST ] stepping
00016472261i[GDBST ] stopped with ac2
00016472261i[GDBST ] stepping
00016472262i[GDBST ] stopped with ac2
00016472262i[GDBST ] stepping
00016472263i[GDBST ] stopped with ac2
00016472263i[GDBST ] stepping
00016472264i[GDBST ] stopped with ac2
00016472264i[GDBST ] stepping
00016472265i[GDBST ] stopped with ac2
00016472265i[GDBST ] stepping
00016472266i[GDBST ] stopped with ac2
00016472266i[GDBST ] stepping
00016472267i[GDBST ] stopped with ac2
00016472267i[GDBST ] stepping
00016472268i[GDBST ] stopped with ac2
00016472268i[GDBST ] stepping
00016472269i[GDBST ] stopped with ac2
00016472269i[GDBST ] stepping
00016472270i[GDBST ] stopped with ac2
00016472270i[GDBST ] stepping
00016472271i[GDBST ] stopped with ac2
00016472271i[GDBST ] stepping
00016472272i[GDBST ] stopped with ac2
00016472272i[GDBST ] stepping
00016472273i[GDBST ] stopped with ac2
00016472273i[GDBST ] stepping
00016472274i[GDBST ] stopped with ac2
00016472274i[GDBST ] stepping
00016472275i[GDBST ] stopped with ac2
00016472275i[GDBST ] stepping
00016472276i[GDBST ] stopped with ac2
00016472276i[GDBST ] stepping
00016472277i[GDBST ] stopped with ac2
00016472277i[GDBST ] stepping
00016472278i[GDBST ] stopped with ac2
00016472278i[GDBST ] stepping
00016472279i[GDBST ] stopped with ac2
00016472279i[GDBST ] stepping
00016472280i[GDBST ] stopped with ac2
00016472280i[GDBST ] stepping
00016472281i[GDBST ] stopped with ac2
00016472281i[GDBST ] stepping
00016472282i[GDBST ] stopped with ac2
00016472282i[GDBST ] stepping
00016472283i[GDBST ] stopped with ac2
00016472283i[GDBST ] stepping
00016472284i[GDBST ] stopped with ac2
00016472284i[GDBST ] stepping
00016472285i[GDBST ] stopped with ac2
00016472285i[GDBST ] stepping
00016472286i[GDBST ] stopped with ac2
00016472286i[GDBST ] stepping
00016472287i[GDBST ] stopped with ac2
00016472287i[GDBST ] stepping
00016472288i[GDBST ] stopped with ac2
00016472288i[GDBST ] stepping
00016472289i[GDBST ] stopped with ac2
00016472289i[GDBST ] stepping
00016472290i[GDBST ] stopped with ac2
00016472290i[GDBST ] stepping
00016472291i[GDBST ] stopped with ac2
00016472291i[GDBST ] stepping
00016472292i[GDBST ] stopped with ac2
00016472292i[GDBST ] stepping
00016472293i[GDBST ] stopped with ac2
00016472293i[GDBST ] stepping
00016472294i[GDBST ] stopped with ac2
00016472294i[GDBST ] stepping
00016472295i[GDBST ] stopped with ac2
00016472295i[GDBST ] stepping
00016472296i[GDBST ] stopped with ac2
00016472296i[GDBST ] stepping
00016472297i[GDBST ] stopped with ac2
00016472297i[GDBST ] stepping
00016472298i[GDBST ] stopped with ac2
00016472298i[GDBST ] stepping
00016472299i[GDBST ] stopped with ac2
00016472299i[GDBST ] stepping
00016472300i[GDBST ] stopped with ac2
00016472300i[GDBST ] stepping
00016472301i[GDBST ] stopped with ac2
00016472301i[GDBST ] stepping
00016472302i[GDBST ] stopped with ac2
00016472302i[GDBST ] stepping
00016472303i[GDBST ] stopped with ac2
00016472303i[GDBST ] stepping
00016472304i[GDBST ] stopped with ac2
00016472304i[GDBST ] stepping
00016472305i[GDBST ] stopped with ac2
00016472305i[GDBST ] stepping
00016472306i[GDBST ] stopped with ac2
00016472306i[GDBST ] stepping
00016472307i[GDBST ] stopped with ac2
00016472307i[GDBST ] stepping
00016472308i[GDBST ] stopped with ac2
00016472308i[GDBST ] stepping
00016472309i[GDBST ] stopped with ac2
00016472309i[GDBST ] stepping
00016472310i[GDBST ] stopped with ac2
00016472310i[GDBST ] stepping
00016472311i[GDBST ] stopped with ac2
00016472311i[GDBST ] stepping
00016472312i[GDBST ] stopped with ac2
00016472312i[GDBST ] stepping
00016472313i[GDBST ] stopped with ac2
00016472313i[GDBST ] stepping
00016472314i[GDBST ] stopped with ac2
00016472314i[GDBST ] stepping
00016472315i[GDBST ] stopped with ac2
00016472315i[GDBST ] stepping
00016472316i[GDBST ] stopped with ac2
00016472316i[GDBST ] stepping
00016472317i[GDBST ] stopped with ac2
00016472317i[GDBST ] stepping
00016472318i[GDBST ] stopped with ac2
00016472318i[GDBST ] stepping
00016472319i[GDBST ] stopped with ac2
00016472319i[GDBST ] stepping
00016472320i[GDBST ] stopped with ac2
00016472320i[GDBST ] stepping
00016472321i[GDBST ] stopped with ac2
00016472321i[GDBST ] stepping
00016472322i[GDBST ] stopped with ac2
00016472322i[GDBST ] stepping
00016472323i[GDBST ] stopped with ac2
00016472323i[GDBST ] stepping
00016472324i[GDBST ] stopped with ac2
00016472324i[GDBST ] stepping
00016472325i[GDBST ] stopped with ac2
00016472325i[GDBST ] stepping
00016472326i[GDBST ] stopped with ac2
00016472326i[GDBST ] stepping
00016472327i[GDBST ] stopped with ac2
00016472327i[GDBST ] stepping
00016472328i[GDBST ] stopped with ac2
00016472328i[GDBST ] stepping
00016472329i[GDBST ] stopped with ac2
00016472329i[GDBST ] stepping
00016472330i[GDBST ] stopped with ac2
00016472330i[GDBST ] stepping
00016472331i[GDBST ] stopped with ac2
00016472331i[GDBST ] stepping
00016472332i[GDBST ] stopped with ac2
00016472332i[GDBST ] stepping
00016472333i[GDBST ] stopped with ac2
00016472333i[GDBST ] stepping
00016472334i[GDBST ] stopped with ac2
00016472334i[GDBST ] stepping
00016472335i[GDBST ] stopped with ac2
00016472335i[GDBST ] stepping
00016472336i[GDBST ] stopped with ac2
00016472336i[GDBST ] stepping
00016472337i[GDBST ] stopped with ac2
00016472337i[GDBST ] stepping
00016472338i[GDBST ] stopped with ac2
00016472338i[GDBST ] stepping
00016472339i[GDBST ] stopped with ac2
00016472339i[GDBST ] stepping
00016472340i[GDBST ] stopped with ac2
00016472340i[GDBST ] stepping
00016472341i[GDBST ] stopped with ac2
00016472341i[GDBST ] stepping
00016472342i[GDBST ] stopped with ac2
00016472342i[GDBST ] stepping
00016472343i[GDBST ] stopped with ac2
00016472343i[GDBST ] stepping
00016472344i[GDBST ] stopped with ac2
00016472344i[GDBST ] stepping
00016472345i[GDBST ] stopped with ac2
00016472345i[GDBST ] stepping
00016472346i[GDBST ] stopped with ac2
00016472346i[GDBST ] stepping
00016472347i[GDBST ] stopped with ac2
00016472347i[GDBST ] stepping
00016472348i[GDBST ] stopped with ac2
00016472348i[GDBST ] stepping
00016472349i[GDBST ] stopped with ac2
00016472349i[GDBST ] stepping
00016472350i[GDBST ] stopped with ac2
00016472350i[GDBST ] stepping
00016472351i[GDBST ] stopped with ac2
00016472351i[GDBST ] stepping
00016472352i[GDBST ] stopped with ac2
00016472352i[GDBST ] stepping
00016472353i[GDBST ] stopped with ac2
00016472353i[GDBST ] addr 000000000001f800 len 40
00016472353i[GDBST ] Removing breakpoint at 000000000001a760
00016472353p[GDBST ] >>PANIC<< Debugger asked us to quit
00016472353i[CPU0  ] CPU is in protected mode (active)
00016472353i[CPU0  ] CS.mode = 32 bit
00016472353i[CPU0  ] SS.mode = 32 bit
00016472353i[CPU0  ] EFER = 0x00000000: ffxsr nxe lma lme sce
00016472353i[CPU0  ] | EAX=000060d8  EBX=00000026  ECX=0000031b  EDX=00000040
00016472353i[CPU0  ] | ESP=0001f83c  EBP=0001f8a8  ESI=00000002  EDI=0001e460
00016472353i[CPU0  ] | EFLAGS=00000446: id vip vif ac vm rf nt IOPL=0 of DF if tf sf ZF af PF cf
00016472353i[CPU0  ] | SEG sltr(index|ti|rpl)     base    limit G D
00016472353i[CPU0  ] |  CS:0008( 0001| 0|  0) 00000000 007fffff 1 1
00016472353i[CPU0  ] |  DS:0010( 0002| 0|  0) 00000000 00ffffff 1 1
00016472353i[CPU0  ] |  SS:0010( 0002| 0|  0) 00000000 00ffffff 1 1
00016472353i[CPU0  ] |  ES:0010( 0002| 0|  0) 00000000 00ffffff 1 1
00016472353i[CPU0  ] |  FS:0010( 0002| 0|  0) 00000000 00ffffff 1 1
00016472353i[CPU0  ] |  GS:0010( 0002| 0|  0) 00000000 00ffffff 1 1
00016472353i[CPU0  ] | EIP=00006d5b (00006d5b)
00016472353i[CPU0  ] | CR0=0x80000013: PG cd nw ac wp ne ET ts em MP PE
00016472353i[CPU0  ] | CR2=0x00000000
00016472353i[CPU0  ] | CR3=0x00000000
00016472353i[CPU0  ] | CR4=0x00000000: lass uintr pks cet pke smap smep keylock osxsave pcid fsgsbase smx vmx la57 umip osxmmexcpt osfxsr pce pge mce pae pse de tsd pvi vme
00016472353i[CPU0  ] 0x00006d5b>> pushf  : 9C
00016472353i[CMOS  ] Last time: 1780991602 tz=utc (Tue Jun  9  7:53:22   2026)
00016472353i[XGUI  ] Exit
00016472353i[      ] restoring default signal behavior
00016472353i[SIM   ] quit_sim called with exit code 1
